******************************************************************************
             TMS320C2000 Linker PC v20.2.1                     
******************************************************************************
>> Linked Mon May 24 16:44:30 2021

OUTPUT FILE NAME:   <b_falsh_PFC_onlycpu1.out>
ENTRY POINT SYMBOL: "_c_int00"  address: 000003b8


MEMORY CONFIGURATION

         name            origin    length      used     unused   attr    fill
----------------------  --------  ---------  --------  --------  ----  --------
PAGE 0:
  BEGIN                 00000000   00000002  00000002  00000000  RWIX
  RAMM0                 00000122   000002de  000002dc  00000002  RWIX
  RAMLS0                00008000   00000800  000007f9  00000007  RWIX
  RAMLS1                00008800   00000800  00000489  00000377  RWIX
  RAMLS2                00009000   00000800  00000000  00000800  RWIX
  RAMLS3                00009800   00000800  00000000  00000800  RWIX
  RAMLS4                0000a000   00000800  00000000  00000800  RWIX
  RAMD0                 0000b000   00000800  000007fe  00000002  RWIX
  RESET                 003fffc0   00000002  00000000  00000002  RWIX

PAGE 1:
  BOOT_RSVD             00000002   00000120  00000000  00000120  RWIX
  RAMM1                 00000400   00000600  00000600  00000000  RWIX
  ADCA_RESULT           00000b00   00000020  00000018  00000008  RWIX
  ADCB_RESULT           00000b20   00000020  00000018  00000008  RWIX
  ADCC_RESULT           00000b40   00000020  00000018  00000008  RWIX
  ADCD_RESULT           00000b60   00000020  00000018  00000008  RWIX
  CPU_TIMER0            00000c00   00000008  00000008  00000000  RWIX
  CPU_TIMER1            00000c08   00000008  00000008  00000000  RWIX
  CPU_TIMER2            00000c10   00000008  00000008  00000000  RWIX
  PIE_CTRL              00000ce0   00000020  0000001a  00000006  RWIX
  PIE_VECT              00000d00   00000200  000001c0  00000040  RWIX
  DMA                   00001000   00000200  000000e0  00000120  RWIX
  CLA1                  00001400   00000040  0000003e  00000002  RWIX
  EPWM1                 00004000   00000100  00000100  00000000  RWIX
  EPWM2                 00004100   00000100  00000100  00000000  RWIX
  EPWM3                 00004200   00000100  00000100  00000000  RWIX
  EPWM4                 00004300   00000100  00000100  00000000  RWIX
  EPWM5                 00004400   00000100  00000100  00000000  RWIX
  EPWM6                 00004500   00000100  00000100  00000000  RWIX
  EPWM7                 00004600   00000100  00000100  00000000  RWIX
  EPWM8                 00004700   00000100  00000100  00000000  RWIX
  EPWM9                 00004800   00000100  00000100  00000000  RWIX
  EPWM10                00004900   00000100  00000100  00000000  RWIX
  EPWM11                00004a00   00000100  00000100  00000000  RWIX
  EPWM12                00004b00   00000100  00000100  00000000  RWIX
  ECAP1                 00005000   00000020  00000020  00000000  RWIX
  ECAP2                 00005020   00000020  00000020  00000000  RWIX
  ECAP3                 00005040   00000020  00000020  00000000  RWIX
  ECAP4                 00005060   00000020  00000020  00000000  RWIX
  ECAP5                 00005080   00000020  00000020  00000000  RWIX
  ECAP6                 000050a0   00000020  00000020  00000000  RWIX
  EQEP1                 00005100   00000040  00000022  0000001e  RWIX
  EQEP2                 00005140   00000040  00000022  0000001e  RWIX
  EQEP3                 00005180   00000040  00000022  0000001e  RWIX
  DACA                  00005c00   00000010  00000008  00000008  RWIX
  DACB                  00005c10   00000010  00000008  00000008  RWIX
  DACC                  00005c20   00000010  00000008  00000008  RWIX
  CMPSS1                00005c80   00000020  00000020  00000000  RWIX
  CMPSS2                00005ca0   00000020  00000020  00000000  RWIX
  CMPSS3                00005cc0   00000020  00000020  00000000  RWIX
  CMPSS4                00005ce0   00000020  00000020  00000000  RWIX
  CMPSS5                00005d00   00000020  00000020  00000000  RWIX
  CMPSS6                00005d20   00000020  00000020  00000000  RWIX
  CMPSS7                00005d40   00000020  00000020  00000000  RWIX
  CMPSS8                00005d60   00000020  00000020  00000000  RWIX
  SDFM1                 00005e00   00000080  00000080  00000000  RWIX
  SDFM2                 00005e80   00000080  00000080  00000000  RWIX
  MCBSPA                00006000   00000040  00000024  0000001c  RWIX
  MCBSPB                00006040   00000040  00000024  0000001c  RWIX
  SPIA                  00006100   00000010  00000010  00000000  RWIX
  SPIB                  00006110   00000010  00000010  00000000  RWIX
  SPIC                  00006120   00000010  00000010  00000000  RWIX
  SPID                  00006130   00000010  00000000  00000010  RWIX
  UPP                   00006200   00000100  00000048  000000b8  RWIX
  WD                    00007000   00000040  0000002b  00000015  RWIX
  NMIINTRUPT            00007060   00000010  00000007  00000009  RWIX
  XINT                  00007070   00000010  0000000b  00000005  RWIX
  SCIA                  00007200   00000010  00000010  00000000  RWIX
  SCIB                  00007210   00000010  00000010  00000000  RWIX
  SCIC                  00007220   00000010  00000010  00000000  RWIX
  SCID                  00007230   00000010  00000010  00000000  RWIX
  I2CA                  00007300   00000040  00000022  0000001e  RWIX
  I2CB                  00007340   00000040  00000022  0000001e  RWIX
  ADCA                  00007400   00000080  00000080  00000000  RWIX
  ADCB                  00007480   00000080  00000080  00000000  RWIX
  ADCC                  00007500   00000080  00000080  00000000  RWIX
  ADCD                  00007580   00000080  00000080  00000000  RWIX
  INPUT_XBAR            00007900   00000020  00000020  00000000  RWIX
  XBAR                  00007920   00000020  00000020  00000000  RWIX
  SYNC_SOC              00007940   00000010  00000006  0000000a  RWIX
  DMACLASRCSEL          00007980   00000040  0000001a  00000026  RWIX
  EPWM_XBAR             00007a00   00000040  00000040  00000000  RWIX
  CLB_XBAR              00007a40   00000040  00000000  00000040  RWIX
  OUTPUT_XBAR           00007a80   00000040  00000040  00000000  RWIX
  GPIOCTRL              00007c00   00000180  00000180  00000000  RWIX
  GPIODAT               00007f00   00000030  00000030  00000000  RWIX
  RAMLS5                0000a800   00002600  00000a6e  00001b92  RWIX
  RAMD1                 0000ce00   00000100  00000000  00000100  RWIX
  RAMGS0                0000cf00   00000100  00000000  00000100  RWIX
  RAMGS1                0000d000   00001000  00000000  00001000  RWIX
  RAMGS2                0000e000   00001000  00000000  00001000  RWIX
  RAMGS3                0000f000   00001000  00000000  00001000  RWIX
  RAMGS4                00010000   00001000  00000000  00001000  RWIX
  RAMGS5                00011000   00001000  00000000  00001000  RWIX
  RAMGS6                00012000   00001000  00000000  00001000  RWIX
  RAMGS7                00013000   00001000  00000000  00001000  RWIX
  RAMGS8                00014000   00001000  00000000  00001000  RWIX
  RAMGS9                00015000   00001000  00000000  00001000  RWIX
  RAMGS10               00016000   00001000  00000000  00001000  RWIX
  RAMGS11               00017000   00001000  00000000  00001000  RWIX
  RAMGS12               00018000   00001000  00000000  00001000  RWIX
  RAMGS13               00019000   00001000  00000000  00001000  RWIX
  RAMGS14               0001a000   00001000  00000000  00001000  RWIX
  RAMGS15               0001b000   00001000  00000000  00001000  RWIX
  CPU2TOCPU1RAM         0003f800   00000400  00000000  00000400  RWIX
  CPU1TOCPU2RAM         0003fc00   00000400  00000088  00000378  RWIX
  EMIF1                 00047000   00000800  00000070  00000790  RWIX
  EMIF2                 00047800   00000800  00000070  00000790  RWIX
  CANA_MSG_RAM          00049000   00000800  00000000  00000800  RWIX
  CANB_MSG_RAM          0004b000   00000800  00000000  00000800  RWIX
  IPC                   00050000   00000024  00000024  00000000  RWIX
  FLASHPUMPSEMAPHORE    00050024   00000002  00000002  00000000  RWIX
  DEV_CFG               0005d000   00000180  0000012e  00000052  RWIX
  ANALOG_SUBSYS         0005d180   00000080  00000048  00000038  RWIX
  CLK_CFG               0005d200   00000100  00000032  000000ce  RWIX
  CPU_SYS               0005d300   00000100  00000082  0000007e  RWIX
  ROMPREFETCH           0005e608   00000002  00000002  00000000  RWIX
  DCSM_Z1               0005f000   00000030  00000024  0000000c  RWIX
  DCSM_Z2               0005f040   00000030  00000024  0000000c  RWIX
  DCSM_COMMON           0005f070   00000010  00000008  00000008  RWIX
  MEMCFG                0005f400   00000080  00000080  00000000  RWIX
  EMIF1CONFIG           0005f480   00000020  00000020  00000000  RWIX
  EMIF2CONFIG           0005f4a0   00000020  00000020  00000000  RWIX
  ACCESSPROTECTION      0005f4c0   00000040  00000040  00000000  RWIX
  MEMORYERROR           0005f500   00000040  00000040  00000000  RWIX
  ROMWAITSTATE          0005f540   00000002  00000002  00000000  RWIX
  FLASH0_CTRL           0005f800   00000300  00000182  0000017e  RWIX
  FLASH0_ECC            0005fb00   00000040  00000028  00000018  RWIX
  DCSM_Z1_OTP           00078000   00000020  00000020  00000000  RWIX
  DCSM_Z2_OTP           00078200   00000020  00000020  00000000  RWIX


SECTION ALLOCATION MAP

 output                                  attributes/
section   page    origin      length       input sections
--------  ----  ----------  ----------   ----------------
codestart 
*          0    00000000    00000002     
                  00000000    00000002     F2837xD_CodeStartBranch.obj (codestart)

.cinit     0    00000122    00000146     
                  00000122    0000009c     main.obj (.cinit)
                  000001be    00000021     F2837xD_struct.obj (.cinit:_TRIP_SEL)
                  000001df    0000001d     F2837xD_struct.obj (.cinit:_EPWM)
                  000001fc    00000011     F2837xD_struct.obj (.cinit:_ECAP)
                  0000020d    0000000d     F2837xD_struct.obj (.cinit:_ADC)
                  0000021a    0000000b     F2837xD_struct.obj (.cinit:_EQEP)
                  00000225    0000000b     F2837xD_struct.obj (.cinit:_SPI)
                  00000230    0000000a     rts2800_fpu32.lib : _lock.obj (.cinit)
                  0000023a    0000000a                       : exit.obj (.cinit)
                  00000244    00000009     F2837xD_struct.obj (.cinit:_SDFM)
                  0000024d    00000007     F2837xD_struct.obj (.cinit:_I2C)
                  00000254    00000007     F2837xD_struct.obj (.cinit:_MCBSP)
                  0000025b    00000007     F2837xD_struct.obj (.cinit:_SCI)
                  00000262    00000004     F2837xD_sci_io.obj (.cinit)
                  00000266    00000002     --HOLE-- [fill = 0]

.pinit     0    00000122    00000000     UNINITIALIZED

.reset     0    003fffc0    00000002     DSECT
                  003fffc0    00000002     rts2800_fpu32.lib : boot.obj (.reset)

.text.1    0    00000268    00000196     
                  00000268    00000150     epwm_adc_Init_zzy.obj (.text)
                  000003b8    00000046     rts2800_fpu32.lib : boot.obj (.text)

.text.2    0    00008000    000007f5     
                  00008000    00000585     F2837xD_DefaultISR.obj (.text:retain)
                  00008585    00000103     F2837xD_EPwm.obj (.text)
                  00008688    000000f1     F2837xD_Adc.obj (.text)
                  00008779    0000003b     main.obj (.text)
                  000087b4    00000028     F2837xD_PieCtrl.obj (.text)
                  000087dc    00000019     rts2800_fpu32.lib : args_main.obj (.text)

.stack     1    00000400    00000600     UNINITIALIZED
                  00000400    00000600     --HOLE--

AdcaResultFile 
*          1    00000b00    00000018     UNINITIALIZED
                  00000b00    00000018     F2837xD_GlobalVariableDefs.obj (AdcaResultFile)

AdcbResultFile 
*          1    00000b20    00000018     UNINITIALIZED
                  00000b20    00000018     F2837xD_GlobalVariableDefs.obj (AdcbResultFile)

AdccResultFile 
*          1    00000b40    00000018     UNINITIALIZED
                  00000b40    00000018     F2837xD_GlobalVariableDefs.obj (AdccResultFile)

AdcdResultFile 
*          1    00000b60    00000018     UNINITIALIZED
                  00000b60    00000018     F2837xD_GlobalVariableDefs.obj (AdcdResultFile)

CpuTimer0RegsFile 
*          1    00000c00    00000008     UNINITIALIZED
                  00000c00    00000008     F2837xD_GlobalVariableDefs.obj (CpuTimer0RegsFile)

CpuTimer1RegsFile 
*          1    00000c08    00000008     UNINITIALIZED
                  00000c08    00000008     F2837xD_GlobalVariableDefs.obj (CpuTimer1RegsFile)

CpuTimer2RegsFile 
*          1    00000c10    00000008     UNINITIALIZED
                  00000c10    00000008     F2837xD_GlobalVariableDefs.obj (CpuTimer2RegsFile)

PieCtrlRegsFile 
*          1    00000ce0    0000001a     UNINITIALIZED
                  00000ce0    0000001a     F2837xD_GlobalVariableDefs.obj (PieCtrlRegsFile)

DmaRegsFile 
*          1    00001000    000000e0     UNINITIALIZED
                  00001000    000000e0     F2837xD_GlobalVariableDefs.obj (DmaRegsFile)

Cla1RegsFile 
*          1    00001400    0000003e     UNINITIALIZED
                  00001400    0000003e     F2837xD_GlobalVariableDefs.obj (Cla1RegsFile)

EPwm1RegsFile 
*          1    00004000    00000100     UNINITIALIZED
                  00004000    00000100     F2837xD_GlobalVariableDefs.obj (EPwm1RegsFile)

EPwm2RegsFile 
*          1    00004100    00000100     UNINITIALIZED
                  00004100    00000100     F2837xD_GlobalVariableDefs.obj (EPwm2RegsFile)

EPwm3RegsFile 
*          1    00004200    00000100     UNINITIALIZED
                  00004200    00000100     F2837xD_GlobalVariableDefs.obj (EPwm3RegsFile)

EPwm4RegsFile 
*          1    00004300    00000100     UNINITIALIZED
                  00004300    00000100     F2837xD_GlobalVariableDefs.obj (EPwm4RegsFile)

EPwm5RegsFile 
*          1    00004400    00000100     UNINITIALIZED
                  00004400    00000100     F2837xD_GlobalVariableDefs.obj (EPwm5RegsFile)

EPwm6RegsFile 
*          1    00004500    00000100     UNINITIALIZED
                  00004500    00000100     F2837xD_GlobalVariableDefs.obj (EPwm6RegsFile)

EPwm7RegsFile 
*          1    00004600    00000100     UNINITIALIZED
                  00004600    00000100     F2837xD_GlobalVariableDefs.obj (EPwm7RegsFile)

EPwm8RegsFile 
*          1    00004700    00000100     UNINITIALIZED
                  00004700    00000100     F2837xD_GlobalVariableDefs.obj (EPwm8RegsFile)

EPwm9RegsFile 
*          1    00004800    00000100     UNINITIALIZED
                  00004800    00000100     F2837xD_GlobalVariableDefs.obj (EPwm9RegsFile)

EPwm10RegsFile 
*          1    00004900    00000100     UNINITIALIZED
                  00004900    00000100     F2837xD_GlobalVariableDefs.obj (EPwm10RegsFile)

EPwm11RegsFile 
*          1    00004a00    00000100     UNINITIALIZED
                  00004a00    00000100     F2837xD_GlobalVariableDefs.obj (EPwm11RegsFile)

EPwm12RegsFile 
*          1    00004b00    00000100     UNINITIALIZED
                  00004b00    00000100     F2837xD_GlobalVariableDefs.obj (EPwm12RegsFile)

ECap1RegsFile 
*          1    00005000    00000020     UNINITIALIZED
                  00005000    00000020     F2837xD_GlobalVariableDefs.obj (ECap1RegsFile)

ECap2RegsFile 
*          1    00005020    00000020     UNINITIALIZED
                  00005020    00000020     F2837xD_GlobalVariableDefs.obj (ECap2RegsFile)

ECap3RegsFile 
*          1    00005040    00000020     UNINITIALIZED
                  00005040    00000020     F2837xD_GlobalVariableDefs.obj (ECap3RegsFile)

ECap4RegsFile 
*          1    00005060    00000020     UNINITIALIZED
                  00005060    00000020     F2837xD_GlobalVariableDefs.obj (ECap4RegsFile)

ECap5RegsFile 
*          1    00005080    00000020     UNINITIALIZED
                  00005080    00000020     F2837xD_GlobalVariableDefs.obj (ECap5RegsFile)

ECap6RegsFile 
*          1    000050a0    00000020     UNINITIALIZED
                  000050a0    00000020     F2837xD_GlobalVariableDefs.obj (ECap6RegsFile)

EQep1RegsFile 
*          1    00005100    00000022     UNINITIALIZED
                  00005100    00000022     F2837xD_GlobalVariableDefs.obj (EQep1RegsFile)

EQep2RegsFile 
*          1    00005140    00000022     UNINITIALIZED
                  00005140    00000022     F2837xD_GlobalVariableDefs.obj (EQep2RegsFile)

EQep3RegsFile 
*          1    00005180    00000022     UNINITIALIZED
                  00005180    00000022     F2837xD_GlobalVariableDefs.obj (EQep3RegsFile)

DacaRegsFile 
*          1    00005c00    00000008     UNINITIALIZED
                  00005c00    00000008     F2837xD_GlobalVariableDefs.obj (DacaRegsFile)

DacbRegsFile 
*          1    00005c10    00000008     UNINITIALIZED
                  00005c10    00000008     F2837xD_GlobalVariableDefs.obj (DacbRegsFile)

DaccRegsFile 
*          1    00005c20    00000008     UNINITIALIZED
                  00005c20    00000008     F2837xD_GlobalVariableDefs.obj (DaccRegsFile)

Sdfm1RegsFile 
*          1    00005e00    00000080     UNINITIALIZED
                  00005e00    00000080     F2837xD_GlobalVariableDefs.obj (Sdfm1RegsFile)

Sdfm2RegsFile 
*          1    00005e80    00000080     UNINITIALIZED
                  00005e80    00000080     F2837xD_GlobalVariableDefs.obj (Sdfm2RegsFile)

McbspaRegsFile 
*          1    00006000    00000024     UNINITIALIZED
                  00006000    00000024     F2837xD_GlobalVariableDefs.obj (McbspaRegsFile)

McbspbRegsFile 
*          1    00006040    00000024     UNINITIALIZED
                  00006040    00000024     F2837xD_GlobalVariableDefs.obj (McbspbRegsFile)

SpiaRegsFile 
*          1    00006100    00000010     UNINITIALIZED
                  00006100    00000010     F2837xD_GlobalVariableDefs.obj (SpiaRegsFile)

SpibRegsFile 
*          1    00006110    00000010     UNINITIALIZED
                  00006110    00000010     F2837xD_GlobalVariableDefs.obj (SpibRegsFile)

SpicRegsFile 
*          1    00006120    00000010     UNINITIALIZED
                  00006120    00000010     F2837xD_GlobalVariableDefs.obj (SpicRegsFile)

UppRegsFile 
*          1    00006200    00000048     UNINITIALIZED
                  00006200    00000048     F2837xD_GlobalVariableDefs.obj (UppRegsFile)

WdRegsFile 
*          1    00007000    0000002b     UNINITIALIZED
                  00007000    0000002b     F2837xD_GlobalVariableDefs.obj (WdRegsFile)

NmiIntruptRegsFile 
*          1    00007060    00000007     UNINITIALIZED
                  00007060    00000007     F2837xD_GlobalVariableDefs.obj (NmiIntruptRegsFile)

XintRegsFile 
*          1    00007070    0000000b     UNINITIALIZED
                  00007070    0000000b     F2837xD_GlobalVariableDefs.obj (XintRegsFile)

SciaRegsFile 
*          1    00007200    00000010     UNINITIALIZED
                  00007200    00000010     F2837xD_GlobalVariableDefs.obj (SciaRegsFile)

ScibRegsFile 
*          1    00007210    00000010     UNINITIALIZED
                  00007210    00000010     F2837xD_GlobalVariableDefs.obj (ScibRegsFile)

ScicRegsFile 
*          1    00007220    00000010     UNINITIALIZED
                  00007220    00000010     F2837xD_GlobalVariableDefs.obj (ScicRegsFile)

ScidRegsFile 
*          1    00007230    00000010     UNINITIALIZED
                  00007230    00000010     F2837xD_GlobalVariableDefs.obj (ScidRegsFile)

I2caRegsFile 
*          1    00007300    00000022     UNINITIALIZED
                  00007300    00000022     F2837xD_GlobalVariableDefs.obj (I2caRegsFile)

I2cbRegsFile 
*          1    00007340    00000022     UNINITIALIZED
                  00007340    00000022     F2837xD_GlobalVariableDefs.obj (I2cbRegsFile)

InputXbarRegsFile 
*          1    00007900    00000020     UNINITIALIZED
                  00007900    00000020     F2837xD_GlobalVariableDefs.obj (InputXbarRegsFile)

XbarRegsFile 
*          1    00007920    00000020     UNINITIALIZED
                  00007920    00000020     F2837xD_GlobalVariableDefs.obj (XbarRegsFile)

SyncSocRegsFile 
*          1    00007940    00000006     UNINITIALIZED
                  00007940    00000006     F2837xD_GlobalVariableDefs.obj (SyncSocRegsFile)

DmaClaSrcSelRegsFile 
*          1    00007980    0000001a     UNINITIALIZED
                  00007980    0000001a     F2837xD_GlobalVariableDefs.obj (DmaClaSrcSelRegsFile)

EPwmXbarRegsFile 
*          1    00007a00    00000040     UNINITIALIZED
                  00007a00    00000040     F2837xD_GlobalVariableDefs.obj (EPwmXbarRegsFile)

OutputXbarRegsFile 
*          1    00007a80    00000040     UNINITIALIZED
                  00007a80    00000040     F2837xD_GlobalVariableDefs.obj (OutputXbarRegsFile)

GpioCtrlRegsFile 
*          1    00007c00    00000180     UNINITIALIZED
                  00007c00    00000180     F2837xD_GlobalVariableDefs.obj (GpioCtrlRegsFile)

GpioDataRegsFile 
*          1    00007f00    00000030     UNINITIALIZED
                  00007f00    00000030     F2837xD_GlobalVariableDefs.obj (GpioDataRegsFile)

.ebss      1    0000a800    000008ae     UNINITIALIZED
                  0000a800    000001f4     main.obj (.ebss:_iL2Dis)
                  0000a9f4    0000000a     F2837xD_struct.obj (.ebss:_ADC)
                  0000a9fe    00000001     F2837xD_sci_io.obj (.ebss)
                  0000a9ff    00000001     --HOLE--
                  0000aa00    000001f4     main.obj (.ebss:_iLDis)
                  0000abf4    00000008     F2837xD_struct.obj (.ebss:_EQEP)
                  0000abfc    00000004     F2837xD_struct.obj (.ebss:_I2C)
                  0000ac00    000001f4     main.obj (.ebss:_voDis)
                  0000adf4    00000008     F2837xD_struct.obj (.ebss:_SPI)
                  0000adfc    00000004     F2837xD_struct.obj (.ebss:_MCBSP)
                  0000ae00    000001f4     main.obj (.ebss:_vsDis)
                  0000aff4    00000006     F2837xD_TempSensorConv.obj (.ebss)
                  0000affa    00000006     F2837xD_struct.obj (.ebss:_SDFM)
                  0000b000    00000044     main.obj (.ebss)
                  0000b044    0000001e     F2837xD_struct.obj (.ebss:_TRIP_SEL)
                  0000b062    0000001a     F2837xD_struct.obj (.ebss:_EPWM)
                  0000b07c    00000004     F2837xD_struct.obj (.ebss:_SCI)
                  0000b080    00000018     F2837xD_CpuTimers.obj (.ebss)
                  0000b098    0000000e     F2837xD_struct.obj (.ebss:_ECAP)
                  0000b0a6    00000004     rts2800_fpu32.lib : _lock.obj (.ebss)
                  0000b0aa    00000004                       : exit.obj (.ebss)

.econst    1    0000b0ae    000001c0     
                  0000b0ae    000001c0     F2837xD_PieVect.obj (.econst:_PieVectTableInit)

PUTBUFFER 
*          1    0003fc00    00000080     UNINITIALIZED
                  0003fc00    00000080     F2837xD_Ipc_Driver.obj (PUTBUFFER)

PUTWRITEIDX 
*          1    0003fc80    00000004     UNINITIALIZED
                  0003fc80    00000004     F2837xD_Ipc_Driver.obj (PUTWRITEIDX)

GETREADIDX 
*          1    0003fc84    00000004     UNINITIALIZED
                  0003fc84    00000004     F2837xD_Ipc_Driver.obj (GETREADIDX)

GETBUFFER 
*          0    0003f800    00000080     DSECT
                  0003f800    00000080     F2837xD_Ipc_Driver.obj (GETBUFFER)

GETWRITEIDX 
*          0    0003f880    00000004     DSECT
                  0003f880    00000004     F2837xD_Ipc_Driver.obj (GETWRITEIDX)

PUTREADIDX 
*          0    0003f884    00000004     DSECT
                  0003f884    00000004     F2837xD_Ipc_Driver.obj (PUTREADIDX)

PieVectTableFile 
*          1    00000d00    000001c0     UNINITIALIZED
                  00000d00    000001c0     F2837xD_GlobalVariableDefs.obj (PieVectTableFile)

EmuKeyVar 
*          1    00000d00    00000001     UNINITIALIZED
                  00000d00    00000001     F2837xD_GlobalVariableDefs.obj (EmuKeyVar)

EmuBModeVar 
*          1    00000d01    00000001     UNINITIALIZED
                  00000d01    00000001     F2837xD_GlobalVariableDefs.obj (EmuBModeVar)

FlashCallbackVar 
*          1    00000d02    00000000     UNINITIALIZED

FlashScalingVar 
*          1    00000d02    00000000     UNINITIALIZED

AdcaRegsFile 
*          1    00007400    00000080     UNINITIALIZED
                  00007400    00000080     F2837xD_GlobalVariableDefs.obj (AdcaRegsFile)

AdcbRegsFile 
*          1    00007480    00000080     UNINITIALIZED
                  00007480    00000080     F2837xD_GlobalVariableDefs.obj (AdcbRegsFile)

AdccRegsFile 
*          1    00007500    00000080     UNINITIALIZED
                  00007500    00000080     F2837xD_GlobalVariableDefs.obj (AdccRegsFile)

AdcdRegsFile 
*          1    00007580    00000080     UNINITIALIZED
                  00007580    00000080     F2837xD_GlobalVariableDefs.obj (AdcdRegsFile)

AnalogSubsysRegsFile 
*          1    0005d180    00000048     UNINITIALIZED
                  0005d180    00000048     F2837xD_GlobalVariableDefs.obj (AnalogSubsysRegsFile)

Cla1SoftIntRegsFile 
*          1    00000ce0    00000004     DSECT
                  00000ce0    00000004     F2837xD_GlobalVariableDefs.obj (Cla1SoftIntRegsFile)

Cmpss1RegsFile 
*          1    00005c80    00000020     UNINITIALIZED
                  00005c80    00000020     F2837xD_GlobalVariableDefs.obj (Cmpss1RegsFile)

Cmpss2RegsFile 
*          1    00005ca0    00000020     UNINITIALIZED
                  00005ca0    00000020     F2837xD_GlobalVariableDefs.obj (Cmpss2RegsFile)

Cmpss3RegsFile 
*          1    00005cc0    00000020     UNINITIALIZED
                  00005cc0    00000020     F2837xD_GlobalVariableDefs.obj (Cmpss3RegsFile)

Cmpss4RegsFile 
*          1    00005ce0    00000020     UNINITIALIZED
                  00005ce0    00000020     F2837xD_GlobalVariableDefs.obj (Cmpss4RegsFile)

Cmpss5RegsFile 
*          1    00005d00    00000020     UNINITIALIZED
                  00005d00    00000020     F2837xD_GlobalVariableDefs.obj (Cmpss5RegsFile)

Cmpss6RegsFile 
*          1    00005d20    00000020     UNINITIALIZED
                  00005d20    00000020     F2837xD_GlobalVariableDefs.obj (Cmpss6RegsFile)

Cmpss7RegsFile 
*          1    00005d40    00000020     UNINITIALIZED
                  00005d40    00000020     F2837xD_GlobalVariableDefs.obj (Cmpss7RegsFile)

Cmpss8RegsFile 
*          1    00005d60    00000020     UNINITIALIZED
                  00005d60    00000020     F2837xD_GlobalVariableDefs.obj (Cmpss8RegsFile)

Emif1RegsFile 
*          1    00047000    00000070     UNINITIALIZED
                  00047000    00000070     F2837xD_GlobalVariableDefs.obj (Emif1RegsFile)

Emif2RegsFile 
*          1    00047800    00000070     UNINITIALIZED
                  00047800    00000070     F2837xD_GlobalVariableDefs.obj (Emif2RegsFile)

IpcRegsFile 
*          1    00050000    00000024     UNINITIALIZED
                  00050000    00000024     F2837xD_GlobalVariableDefs.obj (IpcRegsFile)

FlashPumpSemaphoreRegsFile 
*          1    00050024    00000002     UNINITIALIZED
                  00050024    00000002     F2837xD_GlobalVariableDefs.obj (FlashPumpSemaphoreRegsFile)

RomPrefetchRegsFile 
*          1    0005e608    00000002     UNINITIALIZED
                  0005e608    00000002     F2837xD_GlobalVariableDefs.obj (RomPrefetchRegsFile)

DcsmZ1RegsFile 
*          1    0005f000    00000024     UNINITIALIZED
                  0005f000    00000024     F2837xD_GlobalVariableDefs.obj (DcsmZ1RegsFile)

DcsmZ2RegsFile 
*          1    0005f040    00000024     UNINITIALIZED
                  0005f040    00000024     F2837xD_GlobalVariableDefs.obj (DcsmZ2RegsFile)

DcsmCommonRegsFile 
*          1    0005f070    00000008     UNINITIALIZED
                  0005f070    00000008     F2837xD_GlobalVariableDefs.obj (DcsmCommonRegsFile)

MemCfgRegsFile 
*          1    0005f400    00000080     UNINITIALIZED
                  0005f400    00000080     F2837xD_GlobalVariableDefs.obj (MemCfgRegsFile)

Emif1ConfigRegsFile 
*          1    0005f480    00000020     UNINITIALIZED
                  0005f480    00000020     F2837xD_GlobalVariableDefs.obj (Emif1ConfigRegsFile)

Emif2ConfigRegsFile 
*          1    0005f4a0    00000020     UNINITIALIZED
                  0005f4a0    00000020     F2837xD_GlobalVariableDefs.obj (Emif2ConfigRegsFile)

AccessProtectionRegsFile 
*          1    0005f4c0    00000040     UNINITIALIZED
                  0005f4c0    00000040     F2837xD_GlobalVariableDefs.obj (AccessProtectionRegsFile)

MemoryErrorRegsFile 
*          1    0005f500    00000040     UNINITIALIZED
                  0005f500    00000040     F2837xD_GlobalVariableDefs.obj (MemoryErrorRegsFile)

RomWaitStateRegsFile 
*          1    0005f540    00000002     UNINITIALIZED
                  0005f540    00000002     F2837xD_GlobalVariableDefs.obj (RomWaitStateRegsFile)

Flash0CtrlRegsFile 
*          1    0005f800    00000182     UNINITIALIZED
                  0005f800    00000182     F2837xD_GlobalVariableDefs.obj (Flash0CtrlRegsFile)

Flash0EccRegsFile 
*          1    0005fb00    00000028     UNINITIALIZED
                  0005fb00    00000028     F2837xD_GlobalVariableDefs.obj (Flash0EccRegsFile)

DcsmZ1OtpFile 
*          1    00078000    00000020     NOLOAD SECTION
                  00078000    00000020     F2837xD_GlobalVariableDefs.obj (DcsmZ1OtpFile)

DcsmZ2OtpFile 
*          1    00078200    00000020     NOLOAD SECTION
                  00078200    00000020     F2837xD_GlobalVariableDefs.obj (DcsmZ2OtpFile)

DevCfgRegsFile 
*          1    0005d000    0000012e     UNINITIALIZED
                  0005d000    0000012e     F2837xD_GlobalVariableDefs.obj (DevCfgRegsFile)

ClkCfgRegsFile 
*          1    0005d200    00000032     UNINITIALIZED
                  0005d200    00000032     F2837xD_GlobalVariableDefs.obj (ClkCfgRegsFile)

CpuSysRegsFile 
*          1    0005d300    00000082     UNINITIALIZED
                  0005d300    00000082     F2837xD_GlobalVariableDefs.obj (CpuSysRegsFile)

dclfuncs   0    00008c56    00000034     
                  00008c56    00000034     DCL_PI_C1.obj (dclfuncs)

ramfuncs   0    000087f5    00000004     
                  000087f5    00000004     F2837xD_usDelay.obj (ramfuncs)

.text.3    0    00008800    00000455     
                  00008800    000002a8     F2837xD_SysCtrl.obj (.text)
                  00008aa8    000000ce     sci_zzy.obj (.text)
                  00008b76    00000088     rts2800_fpu32.lib : fs_div.obj (.text)
                  00008bfe    00000026     F2837xD_PieVect.obj (.text)
                  00008c24    00000019     rts2800_fpu32.lib : exit.obj (.text)
                  00008c3d    00000018                       : ll_aox.obj (.text)

.text.4    0    0000b000    000007fe     
                  0000b000    000005d6     F2837xD_Gpio.obj (.text)
                  0000b5d6    000001c2     main.obj (.text:retain)
                  0000b798    00000052     gpio_exinterrupt_Init_zzy.obj (.text)
                  0000b7ea    00000009     rts2800_fpu32.lib : _lock.obj (.text)
                  0000b7f3    00000008     F2837xD_CodeStartBranch.obj (.text)
                  0000b7fb    00000003     F2837xD_DBGIER.obj (.text)

MODULE SUMMARY

       Module                           code   initialized data   uninitialized data
       ------                           ----   ----------------   ------------------
    .\source\
       F2837xD_GlobalVariableDefs.obj   0      0                  8047              
       main.obj                         509    156                2068              
       F2837xD_Gpio.obj                 1494   0                  0                 
       F2837xD_DefaultISR.obj           1413   0                  0                 
       F2837xD_SysCtrl.obj              680    0                  0                 
       F2837xD_PieVect.obj              38     448                0                 
       epwm_adc_Init_zzy.obj            336    0                  0                 
       F2837xD_EPwm.obj                 259    0                  0                 
       F2837xD_struct.obj               0      144                114               
       F2837xD_Adc.obj                  241    0                  0                 
       sci_zzy.obj                      206    0                  0                 
       F2837xD_Ipc_Driver.obj           0      0                  136               
       gpio_exinterrupt_Init_zzy.obj    82     0                  0                 
       DCL_PI_C1.obj                    52     0                  0                 
       F2837xD_PieCtrl.obj              40     0                  0                 
       F2837xD_CpuTimers.obj            0      0                  24                
       F2837xD_CodeStartBranch.obj      10     0                  0                 
       F2837xD_TempSensorConv.obj       0      0                  6                 
       F2837xD_sci_io.obj               0      4                  1                 
       F2837xD_usDelay.obj              4      0                  0                 
       F2837xD_DBGIER.obj               3      0                  0                 
    +--+--------------------------------+------+------------------+--------------------+
       Total:                           5367   752                10396             
                                                                                    
    ../lib/rts2800_fpu32.lib
       fs_div.obj                       136    0                  0                 
       boot.obj                         70     0                  0                 
       exit.obj                         25     10                 4                 
       args_main.obj                    25     0                  0                 
       ll_aox.obj                       24     0                  0                 
       _lock.obj                        9      10                 4                 
    +--+--------------------------------+------+------------------+--------------------+
       Total:                           289    20                 8                 
                                                                                    
       Stack:                           0      0                  1536              
    +--+--------------------------------+------+------------------+--------------------+
       Grand Total:                     5656   772                11940             


GLOBAL DATA SYMBOLS: SORTED BY DATA PAGE

address     data page           name
--------    ----------------    ----
00000400      10 (00000400)     __stack

00000b00      2c (00000b00)     _AdcaResultRegs
00000b20      2c (00000b00)     _AdcbResultRegs

00000b40      2d (00000b40)     _AdccResultRegs
00000b60      2d (00000b40)     _AdcdResultRegs

00000c00      30 (00000c00)     _CpuTimer0Regs
00000c08      30 (00000c00)     _CpuTimer1Regs
00000c10      30 (00000c00)     _CpuTimer2Regs

00000ce0      33 (00000cc0)     _Cla1SoftIntRegs
00000ce0      33 (00000cc0)     _PieCtrlRegs

00000d00      34 (00000d00)     _EmuKey
00000d00      34 (00000d00)     _PieVectTable
00000d01      34 (00000d00)     _EmuBMode

00001000      40 (00001000)     _DmaRegs

00001400      50 (00001400)     _Cla1Regs

00004000     100 (00004000)     _EPwm1Regs

00004100     104 (00004100)     _EPwm2Regs

00004200     108 (00004200)     _EPwm3Regs

00004300     10c (00004300)     _EPwm4Regs

00004400     110 (00004400)     _EPwm5Regs

00004500     114 (00004500)     _EPwm6Regs

00004600     118 (00004600)     _EPwm7Regs

00004700     11c (00004700)     _EPwm8Regs

00004800     120 (00004800)     _EPwm9Regs

00004900     124 (00004900)     _EPwm10Regs

00004a00     128 (00004a00)     _EPwm11Regs

00004b00     12c (00004b00)     _EPwm12Regs

00005000     140 (00005000)     _ECap1Regs
00005020     140 (00005000)     _ECap2Regs

00005040     141 (00005040)     _ECap3Regs
00005060     141 (00005040)     _ECap4Regs

00005080     142 (00005080)     _ECap5Regs
000050a0     142 (00005080)     _ECap6Regs

00005100     144 (00005100)     _EQep1Regs

00005140     145 (00005140)     _EQep2Regs

00005180     146 (00005180)     _EQep3Regs

00005c00     170 (00005c00)     _DacaRegs
00005c10     170 (00005c00)     _DacbRegs
00005c20     170 (00005c00)     _DaccRegs

00005c80     172 (00005c80)     _Cmpss1Regs
00005ca0     172 (00005c80)     _Cmpss2Regs

00005cc0     173 (00005cc0)     _Cmpss3Regs
00005ce0     173 (00005cc0)     _Cmpss4Regs

00005d00     174 (00005d00)     _Cmpss5Regs
00005d20     174 (00005d00)     _Cmpss6Regs

00005d40     175 (00005d40)     _Cmpss7Regs
00005d60     175 (00005d40)     _Cmpss8Regs

00005e00     178 (00005e00)     _Sdfm1Regs

00005e80     17a (00005e80)     _Sdfm2Regs

00006000     180 (00006000)     _McbspaRegs

00006040     181 (00006040)     _McbspbRegs

00006100     184 (00006100)     _SpiaRegs
00006110     184 (00006100)     _SpibRegs
00006120     184 (00006100)     _SpicRegs

00006200     188 (00006200)     _UppRegs

00007000     1c0 (00007000)     _WdRegs

00007060     1c1 (00007040)     _NmiIntruptRegs
00007070     1c1 (00007040)     _XintRegs

00007200     1c8 (00007200)     _SciaRegs
00007210     1c8 (00007200)     _ScibRegs
00007220     1c8 (00007200)     _ScicRegs
00007230     1c8 (00007200)     _ScidRegs

00007300     1cc (00007300)     _I2caRegs

00007340     1cd (00007340)     _I2cbRegs

00007400     1d0 (00007400)     _AdcaRegs

00007480     1d2 (00007480)     _AdcbRegs

00007500     1d4 (00007500)     _AdccRegs

00007580     1d6 (00007580)     _AdcdRegs

00007900     1e4 (00007900)     _InputXbarRegs
00007920     1e4 (00007900)     _XbarRegs

00007940     1e5 (00007940)     _SyncSocRegs

00007980     1e6 (00007980)     _DmaClaSrcSelRegs

00007a00     1e8 (00007a00)     _EPwmXbarRegs

00007a80     1ea (00007a80)     _OutputXbarRegs

00007c00     1f0 (00007c00)     _GpioCtrlRegs

00007f00     1fc (00007f00)     _GpioDataRegs

0000a800     2a0 (0000a800)     _iL2Dis

0000a9f4     2a7 (0000a9c0)     _ADC
0000a9fe     2a7 (0000a9c0)     _deviceOpen

0000aa00     2a8 (0000aa00)     _iLDis

0000abf4     2af (0000abc0)     _EQEP
0000abfc     2af (0000abc0)     _I2C

0000ac00     2b0 (0000ac00)     _voDis

0000adf4     2b7 (0000adc0)     _SPI
0000adfc     2b7 (0000adc0)     _MCBSP

0000ae00     2b8 (0000ae00)     _vsDis

0000aff4     2bf (0000afc0)     _tempSensor_tempSlope
0000aff6     2bf (0000afc0)     _tempSensor_tempOffset
0000aff8     2bf (0000afc0)     _tempSensor_scaleFactor
0000affa     2bf (0000afc0)     _SDFM

0000b000     2c0 (0000b000)     _ii
0000b001     2c0 (0000b000)     _jj
0000b002     2c0 (0000b000)     _mm
0000b003     2c0 (0000b000)     _nn
0000b004     2c0 (0000b000)     _sendFlag
0000b005     2c0 (0000b000)     _finishFlag
0000b006     2c0 (0000b000)     _transFlag
0000b007     2c0 (0000b000)     _adcFlag
0000b008     2c0 (0000b000)     _i
0000b00a     2c0 (0000b000)     _A0
0000b00c     2c0 (0000b000)     _B0
0000b00e     2c0 (0000b000)     _C2
0000b010     2c0 (0000b000)     _D0
0000b012     2c0 (0000b000)     _vs
0000b014     2c0 (0000b000)     _iL
0000b016     2c0 (0000b000)     _vo
0000b018     2c0 (0000b000)     _vref
0000b01a     2c0 (0000b000)     _vrefWork
0000b01c     2c0 (0000b000)     _vrefStart
0000b01e     2c0 (0000b000)     _Ts
0000b020     2c0 (0000b000)     _vs_RMS
0000b022     2c0 (0000b000)     _vs_pp
0000b024     2c0 (0000b000)     _ev
0000b026     2c0 (0000b000)     _ev_pre
0000b028     2c0 (0000b000)     _duv
0000b02a     2c0 (0000b000)     _uv
0000b02c     2c0 (0000b000)     _uv_sin
0000b02e     2c0 (0000b000)     _ei
0000b030     2c0 (0000b000)     _ei_pre
0000b032     2c0 (0000b000)     _dui
0000b034     2c0 (0000b000)     _ui
0000b036     2c0 (0000b000)     _iL2
0000b038     2c0 (0000b000)     _vsOne
0000b03a     2c0 (0000b000)     _iLOne
0000b03c     2c0 (0000b000)     _voOne
0000b03e     2c0 (0000b000)     _iL2One

0000b040     2c1 (0000b040)     _voPre
0000b042     2c1 (0000b040)     _msg
0000b044     2c1 (0000b040)     _TRIP_SEL
0000b062     2c1 (0000b040)     _EPWM
0000b07c     2c1 (0000b040)     _SCI

0000b080     2c2 (0000b080)     _CpuTimer0
0000b088     2c2 (0000b080)     _CpuTimer1
0000b090     2c2 (0000b080)     _CpuTimer2
0000b098     2c2 (0000b080)     _ECAP
0000b0a6     2c2 (0000b080)     __unlock
0000b0a8     2c2 (0000b080)     __lock
0000b0aa     2c2 (0000b080)     ___TI_cleanup_ptr
0000b0ac     2c2 (0000b080)     ___TI_dtors_ptr
0000b0ae     2c2 (0000b080)     _PieVectTableInit

0003f800     fe0 (0003f800)     _g_asIPCCPU2toCPU1Buffers

0003f880     fe2 (0003f880)     _g_usGetWriteIndexes
0003f884     fe2 (0003f880)     _g_usPutReadIndexes

0003fc00     ff0 (0003fc00)     _g_asIPCCPU1toCPU2Buffers

0003fc80     ff2 (0003fc80)     _g_usPutWriteIndexes
0003fc84     ff2 (0003fc80)     _g_usGetReadIndexes

00047000    11c0 (00047000)     _Emif1Regs

00047800    11e0 (00047800)     _Emif2Regs

00050000    1400 (00050000)     _IpcRegs
00050024    1400 (00050000)     _FlashPumpSemaphoreRegs

0005d000    1740 (0005d000)     _DevCfgRegs

0005d180    1746 (0005d180)     _AnalogSubsysRegs

0005d200    1748 (0005d200)     _ClkCfgRegs

0005d300    174c (0005d300)     _CpuSysRegs

0005e608    1798 (0005e600)     _RomPrefetchRegs

0005f000    17c0 (0005f000)     _DcsmZ1Regs

0005f040    17c1 (0005f040)     _DcsmZ2Regs
0005f070    17c1 (0005f040)     _DcsmCommonRegs

0005f400    17d0 (0005f400)     _MemCfgRegs

0005f480    17d2 (0005f480)     _Emif1ConfigRegs
0005f4a0    17d2 (0005f480)     _Emif2ConfigRegs

0005f4c0    17d3 (0005f4c0)     _AccessProtectionRegs

0005f500    17d4 (0005f500)     _MemoryErrorRegs

0005f540    17d5 (0005f540)     _RomWaitStateRegs

0005f800    17e0 (0005f800)     _Flash0CtrlRegs

0005fb00    17ec (0005fb00)     _Flash0EccRegs

00078000    1e00 (00078000)     _DcsmZ1Otp

00078200    1e08 (00078200)     _DcsmZ2Otp


GLOBAL SYMBOLS: SORTED ALPHABETICALLY BY Name 

page  address   name                                  
----  -------   ----                                  
abs   ffffffff  .text                                 
0     00008c24  C$$EXIT                               
0     00008b76  FS$$DIV                               
0     00008c3d  LL$$AND                               
0     00008c45  LL$$OR                                
0     00008c4d  LL$$XOR                               
1     0000b00a  _A0                                   
1     0000a9f4  _ADC                                  
0     000080be  _ADCA1_ISR                            
0     0000833e  _ADCA2_ISR                            
0     00008348  _ADCA3_ISR                            
0     00008352  _ADCA4_ISR                            
0     00008334  _ADCA_EVT_ISR                         
0     000080c8  _ADCB1_ISR                            
0     00008366  _ADCB2_ISR                            
0     00008370  _ADCB3_ISR                            
0     0000837a  _ADCB4_ISR                            
0     0000835c  _ADCB_EVT_ISR                         
0     000080d2  _ADCC1_ISR                            
0     000084ce  _ADCC2_ISR                            
0     000084d8  _ADCC3_ISR                            
0     000084e2  _ADCC4_ISR                            
0     000084c4  _ADCC_EVT_ISR                         
0     000080f0  _ADCD1_ISR                            
0     000084f6  _ADCD2_ISR                            
0     00008500  _ADCD3_ISR                            
0     0000850a  _ADCD4_ISR                            
0     000084ec  _ADCD_EVT_ISR                         
0     00008546  _AUX_PLL_SLIP_ISR                     
1     0005f4c0  _AccessProtectionRegs                 
0     00008688  _AdcSetMode                           
1     00007400  _AdcaRegs                             
1     00000b00  _AdcaResultRegs                       
1     00007480  _AdcbRegs                             
1     00000b20  _AdcbResultRegs                       
1     00007500  _AdccRegs                             
1     00000b40  _AdccResultRegs                       
1     00007580  _AdcdRegs                             
1     00000b60  _AdcdResultRegs                       
1     0005d180  _AnalogSubsysRegs                     
0     00008a54  _AuxAuxClkSel                         
0     00008a3e  _AuxIntOsc2Sel                        
0     00008a48  _AuxXtalOscSel                        
1     0000b00c  _B0                                   
1     0000b00e  _C2                                   
0     0000830c  _CANA_1_ISR                           
0     00008316  _CANA_2_ISR                           
0     00008320  _CANB_1_ISR                           
0     0000832a  _CANB_2_ISR                           
0     00008384  _CLA1_1_ISR                           
0     0000838e  _CLA1_2_ISR                           
0     00008398  _CLA1_3_ISR                           
0     000083a2  _CLA1_4_ISR                           
0     000083ac  _CLA1_5_ISR                           
0     000083b6  _CLA1_6_ISR                           
0     000083c0  _CLA1_7_ISR                           
0     000083ca  _CLA1_8_ISR                           
0     00008550  _CLA_OVERFLOW_ISR                     
0     0000855a  _CLA_UNDERFLOW_ISR                    
0     0000873f  _CalAdcINL                            
1     00001400  _Cla1Regs                             
0     00000ce0  _Cla1SoftIntRegs                      
1     0005d200  _ClkCfgRegs                           
1     00005c80  _Cmpss1Regs                           
1     00005ca0  _Cmpss2Regs                           
1     00005cc0  _Cmpss3Regs                           
1     00005ce0  _Cmpss4Regs                           
1     00005d00  _Cmpss5Regs                           
1     00005d20  _Cmpss6Regs                           
1     00005d40  _Cmpss7Regs                           
1     00005d60  _Cmpss8Regs                           
0     00000268  _ConfigureADC                         
0     000002c5  _ConfigureEPWM1                       
0     000002f6  _ConfigureEPWM6                       
1     0005d300  _CpuSysRegs                           
1     0000b080  _CpuTimer0                            
1     00000c00  _CpuTimer0Regs                        
1     0000b088  _CpuTimer1                            
1     00000c08  _CpuTimer1Regs                        
1     0000b090  _CpuTimer2                            
1     00000c10  _CpuTimer2Regs                        
0     000089fd  _CsmUnlock                            
1     0000b010  _D0                                   
0     00008014  _DATALOG_ISR                          
0     00008c56  _DCL_runPI_C1                         
0     00008258  _DMA_CH1_ISR                          
0     00008262  _DMA_CH2_ISR                          
0     0000826c  _DMA_CH3_ISR                          
0     00008276  _DMA_CH4_ISR                          
0     00008280  _DMA_CH5_ISR                          
0     0000828a  _DMA_CH6_ISR                          
1     00005c00  _DacaRegs                             
1     00005c10  _DacbRegs                             
1     00005c20  _DaccRegs                             
1     0005f070  _DcsmCommonRegs                       
1     00078000  _DcsmZ1Otp                            
1     0005f000  _DcsmZ1Regs                           
1     00078200  _DcsmZ2Otp                            
1     0005f040  _DcsmZ2Regs                           
1     0005d000  _DevCfgRegs                           
0     000088d9  _DisableDog                           
0     000088a9  _DisablePeripheralClocks              
1     00007980  _DmaClaSrcSelRegs                     
1     00001000  _DmaRegs                              
1     0000b098  _ECAP                                 
0     000081ae  _ECAP1_ISR                            
0     000081b8  _ECAP2_ISR                            
0     000081c2  _ECAP3_ISR                            
0     000081cc  _ECAP4_ISR                            
0     000081d6  _ECAP5_ISR                            
0     000081e0  _ECAP6_ISR                            
1     00005000  _ECap1Regs                            
1     00005020  _ECap2Regs                            
1     00005040  _ECap3Regs                            
1     00005060  _ECap4Regs                            
1     00005080  _ECap5Regs                            
1     000050a0  _ECap6Regs                            
0     00008514  _EMIF_ERROR_ISR                       
0     0000856e  _EMPTY_ISR                            
0     00008028  _EMU_ISR                              
1     0000b062  _EPWM                                 
0     0000846a  _EPWM10_ISR                           
0     00008442  _EPWM10_TZ_ISR                        
0     00008474  _EPWM11_ISR                           
0     0000844c  _EPWM11_TZ_ISR                        
0     0000847e  _EPWM12_ISR                           
0     00008456  _EPWM12_TZ_ISR                        
0     0000815e  _EPWM1_ISR                            
0     0000810e  _EPWM1_TZ_ISR                         
0     00008168  _EPWM2_ISR                            
0     00008118  _EPWM2_TZ_ISR                         
0     00008172  _EPWM3_ISR                            
0     00008122  _EPWM3_TZ_ISR                         
0     0000817c  _EPWM4_ISR                            
0     0000812c  _EPWM4_TZ_ISR                         
0     00008186  _EPWM5_ISR                            
0     00008136  _EPWM5_TZ_ISR                         
0     00008190  _EPWM6_ISR                            
0     00008140  _EPWM6_TZ_ISR                         
0     0000819a  _EPWM7_ISR                            
0     0000814a  _EPWM7_TZ_ISR                         
0     000081a4  _EPWM8_ISR                            
0     00008154  _EPWM8_TZ_ISR                         
0     00008460  _EPWM9_ISR                            
0     00008438  _EPWM9_TZ_ISR                         
1     00004900  _EPwm10Regs                           
1     00004a00  _EPwm11Regs                           
1     00004b00  _EPwm12Regs                           
1     00004000  _EPwm1Regs                            
1     00004100  _EPwm2Regs                            
1     00004200  _EPwm3Regs                            
1     00004300  _EPwm4Regs                            
1     00004400  _EPwm5Regs                            
1     00004500  _EPwm6Regs                            
1     00004600  _EPwm7Regs                            
1     00004700  _EPwm8Regs                            
1     00004800  _EPwm9Regs                            
1     00007a00  _EPwmXbarRegs                         
1     0000abf4  _EQEP                                 
0     000081ea  _EQEP1_ISR                            
0     000081f4  _EQEP2_ISR                            
0     000081fe  _EQEP3_ISR                            
1     00005100  _EQep1Regs                            
1     00005140  _EQep2Regs                            
1     00005180  _EQep3Regs                            
1     0005f480  _Emif1ConfigRegs                      
1     00047000  _Emif1Regs                            
1     0005f4a0  _Emif2ConfigRegs                      
1     00047800  _Emif2Regs                            
1     00000d01  _EmuBMode                             
1     00000d00  _EmuKey                               
0     000087d3  _EnableInterrupts                     
0     000087f5  _F28x_usDelay                         
0     00008528  _FLASH_CORRECTABLE_ERROR_ISR          
0     000083fc  _FPU_OVERFLOW_ISR                     
0     00008406  _FPU_UNDERFLOW_ISR                    
1     0005f800  _Flash0CtrlRegs                       
1     0005fb00  _Flash0EccRegs                        
1     00050024  _FlashPumpSemaphoreRegs               
0     0000b58b  _GPIO_EnableUnbondedIOPullups         
0     0000b566  _GPIO_EnableUnbondedIOPullupsFor100Pin
0     0000b54d  _GPIO_EnableUnbondedIOPullupsFor176Pin
0     0000b5a1  _GPIO_ReadPin                         
0     0000b4f2  _GPIO_SetupLock                       
0     0000b3d2  _GPIO_SetupPinMux                     
0     0000b45e  _GPIO_SetupPinOptions                 
0     0000b51b  _GPIO_SetupXINT1Gpio                  
0     0000b525  _GPIO_SetupXINT2Gpio                  
0     0000b52f  _GPIO_SetupXINT3Gpio                  
0     0000b539  _GPIO_SetupXINT4Gpio                  
0     0000b543  _GPIO_SetupXINT5Gpio                  
0     0000b5b8  _GPIO_WritePin                        
1     00007c00  _GpioCtrlRegs                         
1     00007f00  _GpioDataRegs                         
0     00008a72  _HALT                                 
0     00008a8b  _HIB                                  
1     0000abfc  _I2C                                  
0     0000829e  _I2CA_FIFO_ISR                        
0     00008294  _I2CA_ISR                             
0     000082b2  _I2CB_FIFO_ISR                        
0     000082a8  _I2CB_ISR                             
1     00007300  _I2caRegs                             
1     00007340  _I2cbRegs                             
0     00008a5e  _IDLE                                 
0     0000803c  _ILLEGAL_ISR                          
0     00008410  _IPC0_ISR                             
0     0000841a  _IPC1_ISR                             
0     00008424  _IPC2_ISR                             
0     0000842e  _IPC3_ISR                             
0     0000896b  _InitAuxPll                           
0     0000864e  _InitEPwm10Gpio                       
0     00008661  _InitEPwm11Gpio                       
0     00008675  _InitEPwm12Gpio                       
0     0000859e  _InitEPwm1Gpio                        
0     000085b0  _InitEPwm2Gpio                        
0     000085c3  _InitEPwm3Gpio                        
0     000085d7  _InitEPwm4Gpio                        
0     000085ea  _InitEPwm5Gpio                        
0     000085fc  _InitEPwm6Gpio                        
0     0000860f  _InitEPwm7Gpio                        
0     00008623  _InitEPwm8Gpio                        
0     0000863c  _InitEPwm9Gpio                        
0     00008585  _InitEPwmGpio                         
0     0000b000  _InitGpio                             
0     00008831  _InitPeripheralClocks                 
0     000087b4  _InitPieCtrl                          
0     00008bfe  _InitPieVectTable                     
0     00008800  _InitSysCtrl                          
0     000088e7  _InitSysPll                           
1     00007900  _InputXbarRegs                        
1     00050000  _IpcRegs                              
1     0000adfc  _MCBSP                                
0     00008230  _MCBSPA_RX_ISR                        
0     0000823a  _MCBSPA_TX_ISR                        
0     00008244  _MCBSPB_RX_ISR                        
0     0000824e  _MCBSPB_TX_ISR                        
1     00006000  _McbspaRegs                           
1     00006040  _McbspbRegs                           
1     0005f400  _MemCfgRegs                           
0     000087a1  _MemCopy                              
1     0005f500  _MemoryErrorRegs                      
0     00008032  _NMI_ISR                              
0     0000857b  _NOTUSED_ISR                          
1     00007060  _NmiIntruptRegs                       
1     00007a80  _OutputXbarRegs                       
0     00008564  _PIE_RESERVED_ISR                     
1     00000ce0  _PieCtrlRegs                          
1     00000d00  _PieVectTable                         
1     0000b0ae  _PieVectTableInit                     
0     00008532  _RAM_ACCESS_VIOLATION_ISR             
0     0000851e  _RAM_CORRECTABLE_ERROR_ISR            
0     0000801e  _RTOS_ISR                             
0     000088c1  _ReleaseFlashPump                     
1     0005e608  _RomPrefetchRegs                      
1     0005f540  _RomWaitStateRegs                     
1     0000b07c  _SCI                                  
0     000082e4  _SCIA_RX_ISR                          
0     000082ee  _SCIA_TX_ISR                          
0     000082f8  _SCIB_RX_ISR                          
0     00008302  _SCIB_TX_ISR                          
0     000082bc  _SCIC_RX_ISR                          
0     000082c6  _SCIC_TX_ISR                          
0     000082d0  _SCID_RX_ISR                          
0     000082da  _SCID_TX_ISR                          
0     00008488  _SD1_ISR                              
0     00008492  _SD2_ISR                              
1     0000affa  _SDFM                                 
1     0000adf4  _SPI                                  
0     00008208  _SPIA_RX_ISR                          
0     00008212  _SPIA_TX_ISR                          
0     0000821c  _SPIB_RX_ISR                          
0     00008226  _SPIB_TX_ISR                          
0     0000849c  _SPIC_RX_ISR                          
0     000084a6  _SPIC_TX_ISR                          
0     00008a67  _STANDBY                              
0     0000853c  _SYS_PLL_SLIP_ISR                     
1     00007200  _SciaRegs                             
1     00007210  _ScibRegs                             
1     00007220  _ScicRegs                             
1     00007230  _ScidRegs                             
1     00005e00  _Sdfm1Regs                            
1     00005e80  _Sdfm2Regs                            
0     000088cb  _ServiceDog                           
0     0000b7fb  _SetDBGIER                            
0     00000338  _SetupADCEpwm                         
1     00006100  _SpiaRegs                             
1     00006110  _SpibRegs                             
1     00006120  _SpicRegs                             
1     00007940  _SyncSocRegs                          
0     00008a1e  _SysIntOsc1Sel                        
0     00008a28  _SysIntOsc2Sel                        
0     00008a32  _SysXtalOscSel                        
0     000080fa  _TIMER0_ISR                           
0     00008000  _TIMER1_ISR                           
0     0000800a  _TIMER2_ISR                           
1     0000b044  _TRIP_SEL                             
1     0000b01e  _Ts                                   
0     000084b0  _UPPA_ISR                             
0     000084ba  _USBA_ISR                             
0     000080a0  _USER10_ISR                           
0     000080aa  _USER11_ISR                           
0     000080b4  _USER12_ISR                           
0     00008046  _USER1_ISR                            
0     00008050  _USER2_ISR                            
0     0000805a  _USER3_ISR                            
0     00008064  _USER4_ISR                            
0     0000806e  _USER5_ISR                            
0     00008078  _USER6_ISR                            
0     00008082  _USER7_ISR                            
0     0000808c  _USER8_ISR                            
0     00008096  _USER9_ISR                            
1     00006200  _UppRegs                              
0     000083f2  _VCU_ISR                              
0     00008104  _WAKE_ISR                             
1     00007000  _WdRegs                               
0     000080dc  _XINT1_ISR                            
0     000080e6  _XINT2_ISR                            
0     000083d4  _XINT3_ISR                            
0     000083de  _XINT4_ISR                            
0     000083e8  _XINT5_ISR                            
1     00007920  _XbarRegs                             
1     00007070  _XintRegs                             
1     00000a00  __STACK_END                           
abs   00000600  __STACK_SIZE                          
abs   00000001  __TI_args_main                        
1     0000b0aa  ___TI_cleanup_ptr                     
1     0000b0ac  ___TI_dtors_ptr                       
abs   ffffffff  ___TI_pprof_out_hndl                  
abs   ffffffff  ___TI_prof_data_size                  
abs   ffffffff  ___TI_prof_data_start                 
abs   ffffffff  ___binit__                            
abs   ffffffff  ___c_args__                           
0     00000122  ___cinit__                            
abs   ffffffff  ___etext__                            
abs   ffffffff  ___pinit__                            
abs   ffffffff  ___text__                             
0     000087dc  __args_main                           
1     0000b0a8  __lock                                
0     0000b7f2  __nop                                 
0     0000b7ee  __register_lock                       
0     0000b7ea  __register_unlock                     
1     00000400  __stack                               
1     0000b0a6  __unlock                              
0     00008c24  _abort                                
1     0000b007  _adcFlag                              
0     0000b5d6  _adc_isr                              
0     000003b8  _c_int00                              
1     0000a9fe  _deviceOpen                           
1     0000b032  _dui                                  
1     0000b028  _duv                                  
1     0000b02e  _ei                                   
1     0000b030  _ei_pre                               
1     0000b024  _ev                                   
1     0000b026  _ev_pre                               
0     0000b7b8  _exInterruptInit                      
0     00008c26  _exit                                 
1     0000b005  _finishFlag                           
0     00008af6  _ftoa                                 
1     0003fc00  _g_asIPCCPU1toCPU2Buffers             
0     0003f800  _g_asIPCCPU2toCPU1Buffers             
1     0003fc84  _g_usGetReadIndexes                   
0     0003f880  _g_usGetWriteIndexes                  
0     0003f884  _g_usPutReadIndexes                   
1     0003fc80  _g_usPutWriteIndexes                  
1     0000b008  _i                                    
1     0000b014  _iL                                   
1     0000b036  _iL2                                  
1     0000a800  _iL2Dis                               
1     0000b03e  _iL2One                               
1     0000aa00  _iLDis                                
1     0000b03a  _iLOne                                
1     0000b000  _ii                                   
1     0000b001  _jj                                   
0     0000b798  _ledkeyInit                           
0     00008779  _main                                 
1     0000b002  _mm                                   
1     0000b042  _msg                                  
1     0000b003  _nn                                   
0     00008aee  _scia_fifo_init                       
0     00008aa8  _scia_init                            
0     00008adb  _scia_msg                             
0     00008acf  _scia_xmit                            
1     0000b004  _sendFlag                             
1     0000aff8  _tempSensor_scaleFactor               
1     0000aff6  _tempSensor_tempOffset                
1     0000aff4  _tempSensor_tempSlope                 
1     0000b006  _transFlag                            
1     0000b034  _ui                                   
1     0000b02a  _uv                                   
1     0000b02c  _uv_sin                               
1     0000b016  _vo                                   
1     0000ac00  _voDis                                
1     0000b03c  _voOne                                
1     0000b040  _voPre                                
1     0000b018  _vref                                 
1     0000b01c  _vrefStart                            
1     0000b01a  _vrefWork                             
1     0000b012  _vs                                   
1     0000ae00  _vsDis                                
1     0000b038  _vsOne                                
1     0000b020  _vs_RMS                               
1     0000b022  _vs_pp                                
0     0000b776  _xint1_isr                            
0     0000b787  _xint2_isr                            
abs   ffffffff  binit                                 
0     00000122  cinit                                 
0     00000000  code_start                            
abs   ffffffff  etext                                 
abs   ffffffff  pinit                                 


GLOBAL SYMBOLS: SORTED BY Symbol Address 

page  address   name                                  
----  -------   ----                                  
0     00000000  code_start                            
0     00000122  ___cinit__                            
0     00000122  cinit                                 
0     00000268  _ConfigureADC                         
0     000002c5  _ConfigureEPWM1                       
0     000002f6  _ConfigureEPWM6                       
0     00000338  _SetupADCEpwm                         
0     000003b8  _c_int00                              
0     00000ce0  _Cla1SoftIntRegs                      
0     00008000  _TIMER1_ISR                           
0     0000800a  _TIMER2_ISR                           
0     00008014  _DATALOG_ISR                          
0     0000801e  _RTOS_ISR                             
0     00008028  _EMU_ISR                              
0     00008032  _NMI_ISR                              
0     0000803c  _ILLEGAL_ISR                          
0     00008046  _USER1_ISR                            
0     00008050  _USER2_ISR                            
0     0000805a  _USER3_ISR                            
0     00008064  _USER4_ISR                            
0     0000806e  _USER5_ISR                            
0     00008078  _USER6_ISR                            
0     00008082  _USER7_ISR                            
0     0000808c  _USER8_ISR                            
0     00008096  _USER9_ISR                            
0     000080a0  _USER10_ISR                           
0     000080aa  _USER11_ISR                           
0     000080b4  _USER12_ISR                           
0     000080be  _ADCA1_ISR                            
0     000080c8  _ADCB1_ISR                            
0     000080d2  _ADCC1_ISR                            
0     000080dc  _XINT1_ISR                            
0     000080e6  _XINT2_ISR                            
0     000080f0  _ADCD1_ISR                            
0     000080fa  _TIMER0_ISR                           
0     00008104  _WAKE_ISR                             
0     0000810e  _EPWM1_TZ_ISR                         
0     00008118  _EPWM2_TZ_ISR                         
0     00008122  _EPWM3_TZ_ISR                         
0     0000812c  _EPWM4_TZ_ISR                         
0     00008136  _EPWM5_TZ_ISR                         
0     00008140  _EPWM6_TZ_ISR                         
0     0000814a  _EPWM7_TZ_ISR                         
0     00008154  _EPWM8_TZ_ISR                         
0     0000815e  _EPWM1_ISR                            
0     00008168  _EPWM2_ISR                            
0     00008172  _EPWM3_ISR                            
0     0000817c  _EPWM4_ISR                            
0     00008186  _EPWM5_ISR                            
0     00008190  _EPWM6_ISR                            
0     0000819a  _EPWM7_ISR                            
0     000081a4  _EPWM8_ISR                            
0     000081ae  _ECAP1_ISR                            
0     000081b8  _ECAP2_ISR                            
0     000081c2  _ECAP3_ISR                            
0     000081cc  _ECAP4_ISR                            
0     000081d6  _ECAP5_ISR                            
0     000081e0  _ECAP6_ISR                            
0     000081ea  _EQEP1_ISR                            
0     000081f4  _EQEP2_ISR                            
0     000081fe  _EQEP3_ISR                            
0     00008208  _SPIA_RX_ISR                          
0     00008212  _SPIA_TX_ISR                          
0     0000821c  _SPIB_RX_ISR                          
0     00008226  _SPIB_TX_ISR                          
0     00008230  _MCBSPA_RX_ISR                        
0     0000823a  _MCBSPA_TX_ISR                        
0     00008244  _MCBSPB_RX_ISR                        
0     0000824e  _MCBSPB_TX_ISR                        
0     00008258  _DMA_CH1_ISR                          
0     00008262  _DMA_CH2_ISR                          
0     0000826c  _DMA_CH3_ISR                          
0     00008276  _DMA_CH4_ISR                          
0     00008280  _DMA_CH5_ISR                          
0     0000828a  _DMA_CH6_ISR                          
0     00008294  _I2CA_ISR                             
0     0000829e  _I2CA_FIFO_ISR                        
0     000082a8  _I2CB_ISR                             
0     000082b2  _I2CB_FIFO_ISR                        
0     000082bc  _SCIC_RX_ISR                          
0     000082c6  _SCIC_TX_ISR                          
0     000082d0  _SCID_RX_ISR                          
0     000082da  _SCID_TX_ISR                          
0     000082e4  _SCIA_RX_ISR                          
0     000082ee  _SCIA_TX_ISR                          
0     000082f8  _SCIB_RX_ISR                          
0     00008302  _SCIB_TX_ISR                          
0     0000830c  _CANA_1_ISR                           
0     00008316  _CANA_2_ISR                           
0     00008320  _CANB_1_ISR                           
0     0000832a  _CANB_2_ISR                           
0     00008334  _ADCA_EVT_ISR                         
0     0000833e  _ADCA2_ISR                            
0     00008348  _ADCA3_ISR                            
0     00008352  _ADCA4_ISR                            
0     0000835c  _ADCB_EVT_ISR                         
0     00008366  _ADCB2_ISR                            
0     00008370  _ADCB3_ISR                            
0     0000837a  _ADCB4_ISR                            
0     00008384  _CLA1_1_ISR                           
0     0000838e  _CLA1_2_ISR                           
0     00008398  _CLA1_3_ISR                           
0     000083a2  _CLA1_4_ISR                           
0     000083ac  _CLA1_5_ISR                           
0     000083b6  _CLA1_6_ISR                           
0     000083c0  _CLA1_7_ISR                           
0     000083ca  _CLA1_8_ISR                           
0     000083d4  _XINT3_ISR                            
0     000083de  _XINT4_ISR                            
0     000083e8  _XINT5_ISR                            
0     000083f2  _VCU_ISR                              
0     000083fc  _FPU_OVERFLOW_ISR                     
0     00008406  _FPU_UNDERFLOW_ISR                    
0     00008410  _IPC0_ISR                             
0     0000841a  _IPC1_ISR                             
0     00008424  _IPC2_ISR                             
0     0000842e  _IPC3_ISR                             
0     00008438  _EPWM9_TZ_ISR                         
0     00008442  _EPWM10_TZ_ISR                        
0     0000844c  _EPWM11_TZ_ISR                        
0     00008456  _EPWM12_TZ_ISR                        
0     00008460  _EPWM9_ISR                            
0     0000846a  _EPWM10_ISR                           
0     00008474  _EPWM11_ISR                           
0     0000847e  _EPWM12_ISR                           
0     00008488  _SD1_ISR                              
0     00008492  _SD2_ISR                              
0     0000849c  _SPIC_RX_ISR                          
0     000084a6  _SPIC_TX_ISR                          
0     000084b0  _UPPA_ISR                             
0     000084ba  _USBA_ISR                             
0     000084c4  _ADCC_EVT_ISR                         
0     000084ce  _ADCC2_ISR                            
0     000084d8  _ADCC3_ISR                            
0     000084e2  _ADCC4_ISR                            
0     000084ec  _ADCD_EVT_ISR                         
0     000084f6  _ADCD2_ISR                            
0     00008500  _ADCD3_ISR                            
0     0000850a  _ADCD4_ISR                            
0     00008514  _EMIF_ERROR_ISR                       
0     0000851e  _RAM_CORRECTABLE_ERROR_ISR            
0     00008528  _FLASH_CORRECTABLE_ERROR_ISR          
0     00008532  _RAM_ACCESS_VIOLATION_ISR             
0     0000853c  _SYS_PLL_SLIP_ISR                     
0     00008546  _AUX_PLL_SLIP_ISR                     
0     00008550  _CLA_OVERFLOW_ISR                     
0     0000855a  _CLA_UNDERFLOW_ISR                    
0     00008564  _PIE_RESERVED_ISR                     
0     0000856e  _EMPTY_ISR                            
0     0000857b  _NOTUSED_ISR                          
0     00008585  _InitEPwmGpio                         
0     0000859e  _InitEPwm1Gpio                        
0     000085b0  _InitEPwm2Gpio                        
0     000085c3  _InitEPwm3Gpio                        
0     000085d7  _InitEPwm4Gpio                        
0     000085ea  _InitEPwm5Gpio                        
0     000085fc  _InitEPwm6Gpio                        
0     0000860f  _InitEPwm7Gpio                        
0     00008623  _InitEPwm8Gpio                        
0     0000863c  _InitEPwm9Gpio                        
0     0000864e  _InitEPwm10Gpio                       
0     00008661  _InitEPwm11Gpio                       
0     00008675  _InitEPwm12Gpio                       
0     00008688  _AdcSetMode                           
0     0000873f  _CalAdcINL                            
0     00008779  _main                                 
0     000087a1  _MemCopy                              
0     000087b4  _InitPieCtrl                          
0     000087d3  _EnableInterrupts                     
0     000087dc  __args_main                           
0     000087f5  _F28x_usDelay                         
0     00008800  _InitSysCtrl                          
0     00008831  _InitPeripheralClocks                 
0     000088a9  _DisablePeripheralClocks              
0     000088c1  _ReleaseFlashPump                     
0     000088cb  _ServiceDog                           
0     000088d9  _DisableDog                           
0     000088e7  _InitSysPll                           
0     0000896b  _InitAuxPll                           
0     000089fd  _CsmUnlock                            
0     00008a1e  _SysIntOsc1Sel                        
0     00008a28  _SysIntOsc2Sel                        
0     00008a32  _SysXtalOscSel                        
0     00008a3e  _AuxIntOsc2Sel                        
0     00008a48  _AuxXtalOscSel                        
0     00008a54  _AuxAuxClkSel                         
0     00008a5e  _IDLE                                 
0     00008a67  _STANDBY                              
0     00008a72  _HALT                                 
0     00008a8b  _HIB                                  
0     00008aa8  _scia_init                            
0     00008acf  _scia_xmit                            
0     00008adb  _scia_msg                             
0     00008aee  _scia_fifo_init                       
0     00008af6  _ftoa                                 
0     00008b76  FS$$DIV                               
0     00008bfe  _InitPieVectTable                     
0     00008c24  C$$EXIT                               
0     00008c24  _abort                                
0     00008c26  _exit                                 
0     00008c3d  LL$$AND                               
0     00008c45  LL$$OR                                
0     00008c4d  LL$$XOR                               
0     00008c56  _DCL_runPI_C1                         
0     0000b000  _InitGpio                             
0     0000b3d2  _GPIO_SetupPinMux                     
0     0000b45e  _GPIO_SetupPinOptions                 
0     0000b4f2  _GPIO_SetupLock                       
0     0000b51b  _GPIO_SetupXINT1Gpio                  
0     0000b525  _GPIO_SetupXINT2Gpio                  
0     0000b52f  _GPIO_SetupXINT3Gpio                  
0     0000b539  _GPIO_SetupXINT4Gpio                  
0     0000b543  _GPIO_SetupXINT5Gpio                  
0     0000b54d  _GPIO_EnableUnbondedIOPullupsFor176Pin
0     0000b566  _GPIO_EnableUnbondedIOPullupsFor100Pin
0     0000b58b  _GPIO_EnableUnbondedIOPullups         
0     0000b5a1  _GPIO_ReadPin                         
0     0000b5b8  _GPIO_WritePin                        
0     0000b5d6  _adc_isr                              
0     0000b776  _xint1_isr                            
0     0000b787  _xint2_isr                            
0     0000b798  _ledkeyInit                           
0     0000b7b8  _exInterruptInit                      
0     0000b7ea  __register_unlock                     
0     0000b7ee  __register_lock                       
0     0000b7f2  __nop                                 
0     0000b7fb  _SetDBGIER                            
0     0003f800  _g_asIPCCPU2toCPU1Buffers             
0     0003f880  _g_usGetWriteIndexes                  
0     0003f884  _g_usPutReadIndexes                   
1     00000400  __stack                               
1     00000a00  __STACK_END                           
1     00000b00  _AdcaResultRegs                       
1     00000b20  _AdcbResultRegs                       
1     00000b40  _AdccResultRegs                       
1     00000b60  _AdcdResultRegs                       
1     00000c00  _CpuTimer0Regs                        
1     00000c08  _CpuTimer1Regs                        
1     00000c10  _CpuTimer2Regs                        
1     00000ce0  _PieCtrlRegs                          
1     00000d00  _EmuKey                               
1     00000d00  _PieVectTable                         
1     00000d01  _EmuBMode                             
1     00001000  _DmaRegs                              
1     00001400  _Cla1Regs                             
1     00004000  _EPwm1Regs                            
1     00004100  _EPwm2Regs                            
1     00004200  _EPwm3Regs                            
1     00004300  _EPwm4Regs                            
1     00004400  _EPwm5Regs                            
1     00004500  _EPwm6Regs                            
1     00004600  _EPwm7Regs                            
1     00004700  _EPwm8Regs                            
1     00004800  _EPwm9Regs                            
1     00004900  _EPwm10Regs                           
1     00004a00  _EPwm11Regs                           
1     00004b00  _EPwm12Regs                           
1     00005000  _ECap1Regs                            
1     00005020  _ECap2Regs                            
1     00005040  _ECap3Regs                            
1     00005060  _ECap4Regs                            
1     00005080  _ECap5Regs                            
1     000050a0  _ECap6Regs                            
1     00005100  _EQep1Regs                            
1     00005140  _EQep2Regs                            
1     00005180  _EQep3Regs                            
1     00005c00  _DacaRegs                             
1     00005c10  _DacbRegs                             
1     00005c20  _DaccRegs                             
1     00005c80  _Cmpss1Regs                           
1     00005ca0  _Cmpss2Regs                           
1     00005cc0  _Cmpss3Regs                           
1     00005ce0  _Cmpss4Regs                           
1     00005d00  _Cmpss5Regs                           
1     00005d20  _Cmpss6Regs                           
1     00005d40  _Cmpss7Regs                           
1     00005d60  _Cmpss8Regs                           
1     00005e00  _Sdfm1Regs                            
1     00005e80  _Sdfm2Regs                            
1     00006000  _McbspaRegs                           
1     00006040  _McbspbRegs                           
1     00006100  _SpiaRegs                             
1     00006110  _SpibRegs                             
1     00006120  _SpicRegs                             
1     00006200  _UppRegs                              
1     00007000  _WdRegs                               
1     00007060  _NmiIntruptRegs                       
1     00007070  _XintRegs                             
1     00007200  _SciaRegs                             
1     00007210  _ScibRegs                             
1     00007220  _ScicRegs                             
1     00007230  _ScidRegs                             
1     00007300  _I2caRegs                             
1     00007340  _I2cbRegs                             
1     00007400  _AdcaRegs                             
1     00007480  _AdcbRegs                             
1     00007500  _AdccRegs                             
1     00007580  _AdcdRegs                             
1     00007900  _InputXbarRegs                        
1     00007920  _XbarRegs                             
1     00007940  _SyncSocRegs                          
1     00007980  _DmaClaSrcSelRegs                     
1     00007a00  _EPwmXbarRegs                         
1     00007a80  _OutputXbarRegs                       
1     00007c00  _GpioCtrlRegs                         
1     00007f00  _GpioDataRegs                         
1     0000a800  _iL2Dis                               
1     0000a9f4  _ADC                                  
1     0000a9fe  _deviceOpen                           
1     0000aa00  _iLDis                                
1     0000abf4  _EQEP                                 
1     0000abfc  _I2C                                  
1     0000ac00  _voDis                                
1     0000adf4  _SPI                                  
1     0000adfc  _MCBSP                                
1     0000ae00  _vsDis                                
1     0000aff4  _tempSensor_tempSlope                 
1     0000aff6  _tempSensor_tempOffset                
1     0000aff8  _tempSensor_scaleFactor               
1     0000affa  _SDFM                                 
1     0000b000  _ii                                   
1     0000b001  _jj                                   
1     0000b002  _mm                                   
1     0000b003  _nn                                   
1     0000b004  _sendFlag                             
1     0000b005  _finishFlag                           
1     0000b006  _transFlag                            
1     0000b007  _adcFlag                              
1     0000b008  _i                                    
1     0000b00a  _A0                                   
1     0000b00c  _B0                                   
1     0000b00e  _C2                                   
1     0000b010  _D0                                   
1     0000b012  _vs                                   
1     0000b014  _iL                                   
1     0000b016  _vo                                   
1     0000b018  _vref                                 
1     0000b01a  _vrefWork                             
1     0000b01c  _vrefStart                            
1     0000b01e  _Ts                                   
1     0000b020  _vs_RMS                               
1     0000b022  _vs_pp                                
1     0000b024  _ev                                   
1     0000b026  _ev_pre                               
1     0000b028  _duv                                  
1     0000b02a  _uv                                   
1     0000b02c  _uv_sin                               
1     0000b02e  _ei                                   
1     0000b030  _ei_pre                               
1     0000b032  _dui                                  
1     0000b034  _ui                                   
1     0000b036  _iL2                                  
1     0000b038  _vsOne                                
1     0000b03a  _iLOne                                
1     0000b03c  _voOne                                
1     0000b03e  _iL2One                               
1     0000b040  _voPre                                
1     0000b042  _msg                                  
1     0000b044  _TRIP_SEL                             
1     0000b062  _EPWM                                 
1     0000b07c  _SCI                                  
1     0000b080  _CpuTimer0                            
1     0000b088  _CpuTimer1                            
1     0000b090  _CpuTimer2                            
1     0000b098  _ECAP                                 
1     0000b0a6  __unlock                              
1     0000b0a8  __lock                                
1     0000b0aa  ___TI_cleanup_ptr                     
1     0000b0ac  ___TI_dtors_ptr                       
1     0000b0ae  _PieVectTableInit                     
1     0003fc00  _g_asIPCCPU1toCPU2Buffers             
1     0003fc80  _g_usPutWriteIndexes                  
1     0003fc84  _g_usGetReadIndexes                   
1     00047000  _Emif1Regs                            
1     00047800  _Emif2Regs                            
1     00050000  _IpcRegs                              
1     00050024  _FlashPumpSemaphoreRegs               
1     0005d000  _DevCfgRegs                           
1     0005d180  _AnalogSubsysRegs                     
1     0005d200  _ClkCfgRegs                           
1     0005d300  _CpuSysRegs                           
1     0005e608  _RomPrefetchRegs                      
1     0005f000  _DcsmZ1Regs                           
1     0005f040  _DcsmZ2Regs                           
1     0005f070  _DcsmCommonRegs                       
1     0005f400  _MemCfgRegs                           
1     0005f480  _Emif1ConfigRegs                      
1     0005f4a0  _Emif2ConfigRegs                      
1     0005f4c0  _AccessProtectionRegs                 
1     0005f500  _MemoryErrorRegs                      
1     0005f540  _RomWaitStateRegs                     
1     0005f800  _Flash0CtrlRegs                       
1     0005fb00  _Flash0EccRegs                        
1     00078000  _DcsmZ1Otp                            
1     00078200  _DcsmZ2Otp                            
abs   00000001  __TI_args_main                        
abs   00000600  __STACK_SIZE                          
abs   ffffffff  .text                                 
abs   ffffffff  ___TI_pprof_out_hndl                  
abs   ffffffff  ___TI_prof_data_size                  
abs   ffffffff  ___TI_prof_data_start                 
abs   ffffffff  ___binit__                            
abs   ffffffff  ___c_args__                           
abs   ffffffff  ___etext__                            
abs   ffffffff  ___pinit__                            
abs   ffffffff  ___text__                             
abs   ffffffff  binit                                 
abs   ffffffff  etext                                 
abs   ffffffff  pinit                                 

[409 symbols]
