<?xml version="1.0"?>
<link_info>
   <banner>TMS320C2000 Linker PC v6.2.11</banner>
   <copyright>Copyright (c) 1996-2015 Texas Instruments Incorporated</copyright>
   <link_time>0x57777f69</link_time>
   <link_errors>0x0</link_errors>
   <output_file>dtu_test-long_tmu.out</output_file>
   <entry_point>
      <name>_c_int00</name>
      <address>0x85fb6</address>
   </entry_point>
   <input_file_list>
      <input_file id="fl-2">
         <path>.\</path>
         <kind>object</kind>
         <file>CAULCAT_DFT.obj</file>
         <name>CAULCAT_DFT.obj</name>
      </input_file>
      <input_file id="fl-3">
         <path>.\</path>
         <kind>object</kind>
         <file>F2837xD_CodeStartBranch.obj</file>
         <name>F2837xD_CodeStartBranch.obj</name>
      </input_file>
      <input_file id="fl-4">
         <path>.\</path>
         <kind>object</kind>
         <file>F2837xD_DefaultISR.obj</file>
         <name>F2837xD_DefaultISR.obj</name>
      </input_file>
      <input_file id="fl-5">
         <path>.\</path>
         <kind>object</kind>
         <file>F2837xD_GlobalVariableDefs.obj</file>
         <name>F2837xD_GlobalVariableDefs.obj</name>
      </input_file>
      <input_file id="fl-6">
         <path>.\</path>
         <kind>object</kind>
         <file>F2837xD_Gpio.obj</file>
         <name>F2837xD_Gpio.obj</name>
      </input_file>
      <input_file id="fl-7">
         <path>.\</path>
         <kind>object</kind>
         <file>F2837xD_Ipc.obj</file>
         <name>F2837xD_Ipc.obj</name>
      </input_file>
      <input_file id="fl-8">
         <path>.\</path>
         <kind>object</kind>
         <file>F2837xD_Ipc_Driver.obj</file>
         <name>F2837xD_Ipc_Driver.obj</name>
      </input_file>
      <input_file id="fl-9">
         <path>.\</path>
         <kind>object</kind>
         <file>F2837xD_Ipc_Driver_Util.obj</file>
         <name>F2837xD_Ipc_Driver_Util.obj</name>
      </input_file>
      <input_file id="fl-a">
         <path>.\</path>
         <kind>object</kind>
         <file>F2837xD_PieCtrl.obj</file>
         <name>F2837xD_PieCtrl.obj</name>
      </input_file>
      <input_file id="fl-b">
         <path>.\</path>
         <kind>object</kind>
         <file>F2837xD_PieVect.obj</file>
         <name>F2837xD_PieVect.obj</name>
      </input_file>
      <input_file id="fl-c">
         <path>.\</path>
         <kind>object</kind>
         <file>F2837xD_SysCtrl.obj</file>
         <name>F2837xD_SysCtrl.obj</name>
      </input_file>
      <input_file id="fl-d">
         <path>.\</path>
         <kind>object</kind>
         <file>F2837xD_usDelay.obj</file>
         <name>F2837xD_usDelay.obj</name>
      </input_file>
      <input_file id="fl-e">
         <path>.\</path>
         <kind>object</kind>
         <file>InitPeripherals.obj</file>
         <name>InitPeripherals.obj</name>
      </input_file>
      <input_file id="fl-f">
         <path>.\</path>
         <kind>object</kind>
         <file>Initialisation.obj</file>
         <name>Initialisation.obj</name>
      </input_file>
      <input_file id="fl-10">
         <path>.\</path>
         <kind>object</kind>
         <file>Message.obj</file>
         <name>Message.obj</name>
      </input_file>
      <input_file id="fl-11">
         <path>.\</path>
         <kind>object</kind>
         <file>Protect_Logic.obj</file>
         <name>Protect_Logic.obj</name>
      </input_file>
      <input_file id="fl-12">
         <path>.\</path>
         <kind>object</kind>
         <file>Record.obj</file>
         <name>Record.obj</name>
      </input_file>
      <input_file id="fl-13">
         <path>.\</path>
         <kind>object</kind>
         <file>SPI.obj</file>
         <name>SPI.obj</name>
      </input_file>
      <input_file id="fl-14">
         <path>.\</path>
         <kind>object</kind>
         <file>Tran.obj</file>
         <name>Tran.obj</name>
      </input_file>
      <input_file id="fl-15">
         <path>.\</path>
         <kind>object</kind>
         <file>YC.obj</file>
         <name>YC.obj</name>
      </input_file>
      <input_file id="fl-16">
         <path>.\</path>
         <kind>object</kind>
         <file>YK.obj</file>
         <name>YK.obj</name>
      </input_file>
      <input_file id="fl-17">
         <path>.\</path>
         <kind>object</kind>
         <file>YX.obj</file>
         <name>YX.obj</name>
      </input_file>
      <input_file id="fl-18">
         <path>.\</path>
         <kind>object</kind>
         <file>com.obj</file>
         <name>com.obj</name>
      </input_file>
      <input_file id="fl-19">
         <path>.\</path>
         <kind>object</kind>
         <file>database.obj</file>
         <name>database.obj</name>
      </input_file>
      <input_file id="fl-1a">
         <path>.\</path>
         <kind>object</kind>
         <file>ipcexchange.obj</file>
         <name>ipcexchange.obj</name>
      </input_file>
      <input_file id="fl-1b">
         <path>.\</path>
         <kind>object</kind>
         <file>main.obj</file>
         <name>main.obj</name>
      </input_file>
      <input_file id="fl-26">
         <path>..\lib\</path>
         <kind>archive</kind>
         <file>rts2800_fpu32.lib</file>
         <name>boot.obj</name>
      </input_file>
      <input_file id="fl-27">
         <path>..\lib\</path>
         <kind>archive</kind>
         <file>rts2800_fpu32.lib</file>
         <name>exit.obj</name>
      </input_file>
      <input_file id="fl-28">
         <path>..\lib\</path>
         <kind>archive</kind>
         <file>rts2800_fpu32.lib</file>
         <name>fs_div.obj</name>
      </input_file>
      <input_file id="fl-29">
         <path>..\lib\</path>
         <kind>archive</kind>
         <file>rts2800_fpu32.lib</file>
         <name>ll_aox.obj</name>
      </input_file>
      <input_file id="fl-2a">
         <path>..\lib\</path>
         <kind>archive</kind>
         <file>rts2800_fpu32.lib</file>
         <name>memcpy_ff.obj</name>
      </input_file>
      <input_file id="fl-2b">
         <path>..\lib\</path>
         <kind>archive</kind>
         <file>rts2800_fpu32.lib</file>
         <name>memset.obj</name>
      </input_file>
      <input_file id="fl-2c">
         <path>..\lib\</path>
         <kind>archive</kind>
         <file>rts2800_fpu32.lib</file>
         <name>pow.obj</name>
      </input_file>
      <input_file id="fl-2d">
         <path>..\lib\</path>
         <kind>archive</kind>
         <file>rts2800_fpu32.lib</file>
         <name>u_div.obj</name>
      </input_file>
      <input_file id="fl-2e">
         <path>..\lib\</path>
         <kind>archive</kind>
         <file>rts2800_fpu32.lib</file>
         <name>_lock.obj</name>
      </input_file>
      <input_file id="fl-2f">
         <path>..\lib\</path>
         <kind>archive</kind>
         <file>rts2800_fpu32.lib</file>
         <name>_log.obj</name>
      </input_file>
      <input_file id="fl-30">
         <path>..\lib\</path>
         <kind>archive</kind>
         <file>rts2800_fpu32.lib</file>
         <name>args_main.obj</name>
      </input_file>
      <input_file id="fl-31">
         <path>..\lib\</path>
         <kind>archive</kind>
         <file>rts2800_fpu32.lib</file>
         <name>errno.obj</name>
      </input_file>
      <input_file id="fl-32">
         <path>..\lib\</path>
         <kind>archive</kind>
         <file>rts2800_fpu32.lib</file>
         <name>exp.obj</name>
      </input_file>
      <input_file id="fl-33">
         <path>..\lib\</path>
         <kind>archive</kind>
         <file>rts2800_fpu32.lib</file>
         <name>frexp.obj</name>
      </input_file>
      <input_file id="fl-34">
         <path>..\lib\</path>
         <kind>archive</kind>
         <file>rts2800_fpu32.lib</file>
         <name>i_div.obj</name>
      </input_file>
      <input_file id="fl-35">
         <path>..\lib\</path>
         <kind>archive</kind>
         <file>rts2800_fpu32.lib</file>
         <name>ldexp.obj</name>
      </input_file>
   </input_file_list>
   <object_component_list>
      <object_component id="oc-17a">
         <name>.cinit</name>
         <load_address>0x82000</load_address>
         <run_address>0x82000</run_address>
         <size>0xa</size>
         <input_file_ref idref="fl-2e"/>
      </object_component>
      <object_component id="oc-15c">
         <name>.cinit</name>
         <load_address>0x8200a</load_address>
         <run_address>0x8200a</run_address>
         <size>0xa</size>
         <input_file_ref idref="fl-27"/>
      </object_component>
      <object_component id="oc-188">
         <name>.cinit</name>
         <load_address>0x82014</load_address>
         <run_address>0x82014</run_address>
         <size>0x4</size>
         <input_file_ref idref="fl-31"/>
      </object_component>
      <object_component id="oc-1a0">
         <name>.text</name>
         <load_address>0x8201c</load_address>
         <run_address>0x8201c</run_address>
         <size>0x1a90</size>
         <input_file_ref idref="fl-15"/>
      </object_component>
      <object_component id="oc-1a4">
         <name>.text</name>
         <load_address>0x83aac</load_address>
         <run_address>0x83aac</run_address>
         <size>0x4d7</size>
         <input_file_ref idref="fl-16"/>
      </object_component>
      <object_component id="oc-1b8">
         <name>.text</name>
         <load_address>0x83f83</load_address>
         <run_address>0x83f83</run_address>
         <size>0x68</size>
         <input_file_ref idref="fl-32"/>
      </object_component>
      <object_component id="oc-175">
         <name>.text</name>
         <load_address>0x83feb</load_address>
         <run_address>0x83feb</run_address>
         <size>0xb</size>
         <input_file_ref idref="fl-2d"/>
      </object_component>
      <object_component id="oc-1a3">
         <name>.text</name>
         <load_address>0x83ff6</load_address>
         <run_address>0x83ff6</run_address>
         <size>0x9</size>
         <input_file_ref idref="fl-2e"/>
      </object_component>
      <object_component id="oc-1ae">
         <name>.text</name>
         <load_address>0x84000</load_address>
         <run_address>0x84000</run_address>
         <size>0x14a2</size>
         <input_file_ref idref="fl-11"/>
      </object_component>
      <object_component id="oc-19e">
         <name>.text</name>
         <load_address>0x854a2</load_address>
         <run_address>0x854a2</run_address>
         <size>0xa45</size>
         <input_file_ref idref="fl-14"/>
      </object_component>
      <object_component id="oc-19f">
         <name>.text</name>
         <load_address>0x85ee7</load_address>
         <run_address>0x85ee7</run_address>
         <size>0xcf</size>
         <input_file_ref idref="fl-1b"/>
      </object_component>
      <object_component id="oc-82">
         <name>.text</name>
         <load_address>0x85fb6</load_address>
         <run_address>0x85fb6</run_address>
         <size>0x46</size>
         <input_file_ref idref="fl-26"/>
      </object_component>
      <object_component id="oc-1a6">
         <name>.text</name>
         <load_address>0x8602c</load_address>
         <run_address>0x8602c</run_address>
         <size>0xedd</size>
         <input_file_ref idref="fl-f"/>
      </object_component>
      <object_component id="oc-1a1">
         <name>.text</name>
         <load_address>0x86f09</load_address>
         <run_address>0x86f09</run_address>
         <size>0xda9</size>
         <input_file_ref idref="fl-2"/>
      </object_component>
      <object_component id="oc-1ac">
         <name>.text</name>
         <load_address>0x87cb2</load_address>
         <run_address>0x87cb2</run_address>
         <size>0x335</size>
         <input_file_ref idref="fl-e"/>
      </object_component>
      <object_component id="oc-19b">
         <name>.text</name>
         <load_address>0x87fe7</load_address>
         <run_address>0x87fe7</run_address>
         <size>0x19</size>
         <input_file_ref idref="fl-30"/>
      </object_component>
      <object_component id="oc-1a5">
         <name>.text</name>
         <load_address>0x88000</load_address>
         <run_address>0x88000</run_address>
         <size>0xd1c</size>
         <input_file_ref idref="fl-13"/>
      </object_component>
      <object_component id="oc-1a7">
         <name>.text</name>
         <load_address>0x88d1c</load_address>
         <run_address>0x88d1c</run_address>
         <size>0xa34</size>
         <input_file_ref idref="fl-10"/>
      </object_component>
      <object_component id="oc-1aa">
         <name>.text</name>
         <load_address>0x89750</load_address>
         <run_address>0x89750</run_address>
         <size>0x5dd</size>
         <input_file_ref idref="fl-6"/>
      </object_component>
      <object_component id="oc-8d">
         <name>.text:retain</name>
         <load_address>0x89d2d</load_address>
         <run_address>0x89d2d</run_address>
         <size>0x585</size>
         <input_file_ref idref="fl-4"/>
      </object_component>
      <object_component id="oc-1a8">
         <name>.text</name>
         <load_address>0x8a2b2</load_address>
         <run_address>0x8a2b2</run_address>
         <size>0x2e5</size>
         <input_file_ref idref="fl-12"/>
      </object_component>
      <object_component id="oc-1a9">
         <name>.text</name>
         <load_address>0x8a597</load_address>
         <run_address>0x8a597</run_address>
         <size>0x2b1</size>
         <input_file_ref idref="fl-c"/>
      </object_component>
      <object_component id="oc-1a2">
         <name>.text</name>
         <load_address>0x8a848</load_address>
         <run_address>0x8a848</run_address>
         <size>0x29c</size>
         <input_file_ref idref="fl-17"/>
      </object_component>
      <object_component id="oc-19d">
         <name>.text</name>
         <load_address>0x8aae4</load_address>
         <run_address>0x8aae4</run_address>
         <size>0x201</size>
         <input_file_ref idref="fl-18"/>
      </object_component>
      <object_component id="oc-161">
         <name>.text</name>
         <load_address>0x8ace5</load_address>
         <run_address>0x8ace5</run_address>
         <size>0x88</size>
         <input_file_ref idref="fl-28"/>
      </object_component>
      <object_component id="oc-1b1">
         <name>.text</name>
         <load_address>0x8ad6d</load_address>
         <run_address>0x8ad6d</run_address>
         <size>0x5a</size>
         <input_file_ref idref="fl-2c"/>
      </object_component>
      <object_component id="oc-152">
         <name>.text:retain</name>
         <load_address>0x8adc7</load_address>
         <run_address>0x8adc7</run_address>
         <size>0x56</size>
         <input_file_ref idref="fl-1b"/>
      </object_component>
      <object_component id="oc-1b7">
         <name>.text</name>
         <load_address>0x8ae1d</load_address>
         <run_address>0x8ae1d</run_address>
         <size>0x50</size>
         <input_file_ref idref="fl-2f"/>
      </object_component>
      <object_component id="oc-1ba">
         <name>.text</name>
         <load_address>0x8ae6d</load_address>
         <run_address>0x8ae6d</run_address>
         <size>0x31</size>
         <input_file_ref idref="fl-35"/>
      </object_component>
      <object_component id="oc-1ab">
         <name>.text</name>
         <load_address>0x8ae9e</load_address>
         <run_address>0x8ae9e</run_address>
         <size>0x25</size>
         <input_file_ref idref="fl-b"/>
      </object_component>
      <object_component id="oc-193">
         <name>.text</name>
         <load_address>0x8aec3</load_address>
         <run_address>0x8aec3</run_address>
         <size>0x22</size>
         <input_file_ref idref="fl-34"/>
      </object_component>
      <object_component id="oc-19c">
         <name>.text</name>
         <load_address>0x8aee5</load_address>
         <run_address>0x8aee5</run_address>
         <size>0x19</size>
         <input_file_ref idref="fl-27"/>
      </object_component>
      <object_component id="oc-165">
         <name>.text</name>
         <load_address>0x8aefe</load_address>
         <run_address>0x8aefe</run_address>
         <size>0x18</size>
         <input_file_ref idref="fl-29"/>
      </object_component>
      <object_component id="oc-1b9">
         <name>.text</name>
         <load_address>0x8af16</load_address>
         <run_address>0x8af16</run_address>
         <size>0x16</size>
         <input_file_ref idref="fl-33"/>
      </object_component>
      <object_component id="oc-87">
         <name>.text</name>
         <load_address>0x8af2c</load_address>
         <run_address>0x8af2c</run_address>
         <size>0x8</size>
         <input_file_ref idref="fl-3"/>
      </object_component>
      <object_component id="oc-88">
         <name>codestart</name>
         <load_address>0x80000</load_address>
         <run_address>0x80000</run_address>
         <size>0x2</size>
         <input_file_ref idref="fl-3"/>
      </object_component>
      <object_component id="oc-1ad">
         <name>ramfuncs</name>
         <load_address>0x86000</load_address>
         <run_address>0x8000</run_address>
         <size>0x25</size>
         <input_file_ref idref="fl-c"/>
      </object_component>
      <object_component id="oc-117">
         <name>ramfuncs</name>
         <load_address>0x86025</load_address>
         <run_address>0x8025</run_address>
         <size>0x4</size>
         <input_file_ref idref="fl-d"/>
      </object_component>
      <object_component id="oc-156">
         <name>.stack</name>
         <uninitialized>true</uninitialized>
         <run_address>0x200</run_address>
         <size>0x0</size>
         <input_file_ref idref="fl-26"/>
      </object_component>
      <object_component id="oc-240">
         <name>.stack</name>
         <uninitialized>true</uninitialized>
         <run_address>0x200</run_address>
         <size>0x0</size>
      </object_component>
      <object_component id="oc-149">
         <name>.ebss</name>
         <uninitialized>true</uninitialized>
         <run_address>0xa800</run_address>
         <size>0x6d80</size>
         <input_file_ref idref="fl-19"/>
      </object_component>
      <object_component id="oc-14c">
         <name>.ebss</name>
         <uninitialized>true</uninitialized>
         <run_address>0x11580</run_address>
         <size>0x322</size>
         <input_file_ref idref="fl-1a"/>
      </object_component>
      <object_component id="oc-151">
         <name>.ebss</name>
         <uninitialized>true</uninitialized>
         <run_address>0x118a2</run_address>
         <size>0x15</size>
         <input_file_ref idref="fl-1b"/>
      </object_component>
      <object_component id="oc-128">
         <name>.ebss</name>
         <uninitialized>true</uninitialized>
         <run_address>0x118b7</run_address>
         <size>0x1</size>
         <input_file_ref idref="fl-11"/>
      </object_component>
      <object_component id="oc-17b">
         <name>.ebss</name>
         <uninitialized>true</uninitialized>
         <run_address>0x118b8</run_address>
         <size>0x4</size>
         <input_file_ref idref="fl-2e"/>
      </object_component>
      <object_component id="oc-15d">
         <name>.ebss</name>
         <uninitialized>true</uninitialized>
         <run_address>0x118bc</run_address>
         <size>0x4</size>
         <input_file_ref idref="fl-27"/>
      </object_component>
      <object_component id="oc-189">
         <name>.ebss</name>
         <uninitialized>true</uninitialized>
         <run_address>0x118c0</run_address>
         <size>0x1</size>
         <input_file_ref idref="fl-31"/>
      </object_component>
      <object_component id="oc-10f">
         <name>.econst</name>
         <load_address>0x90000</load_address>
         <run_address>0x90000</run_address>
         <size>0x1c0</size>
         <input_file_ref idref="fl-b"/>
      </object_component>
      <object_component id="oc-1af">
         <name>.econst:_COS32</name>
         <load_address>0x901c0</load_address>
         <run_address>0x901c0</run_address>
         <size>0x40</size>
         <input_file_ref idref="fl-19"/>
      </object_component>
      <object_component id="oc-1b0">
         <name>.econst:_SIN32</name>
         <load_address>0x90200</load_address>
         <run_address>0x90200</run_address>
         <size>0x40</size>
         <input_file_ref idref="fl-19"/>
      </object_component>
      <object_component id="oc-1b5">
         <name>.econst:_Pro_Additional_Value_Default</name>
         <load_address>0x90240</load_address>
         <run_address>0x90240</run_address>
         <size>0x3c</size>
         <input_file_ref idref="fl-19"/>
      </object_component>
      <object_component id="oc-1b3">
         <name>.econst:_Pro_Value_Default</name>
         <load_address>0x9027c</load_address>
         <run_address>0x9027c</run_address>
         <size>0x32</size>
         <input_file_ref idref="fl-19"/>
      </object_component>
      <object_component id="oc-1b4">
         <name>.econst:.string:_Pro_Control_Default</name>
         <load_address>0x902ae</load_address>
         <run_address>0x902ae</run_address>
         <size>0x11</size>
         <input_file_ref idref="fl-19"/>
      </object_component>
      <object_component id="oc-1b6">
         <name>.econst:.string:_Pro_Additional_Control_Default</name>
         <load_address>0x902bf</load_address>
         <run_address>0x902bf</run_address>
         <size>0xa</size>
         <input_file_ref idref="fl-19"/>
      </object_component>
      <object_component id="oc-1b2">
         <name>.econst:.string:_Reclose_SOE_index</name>
         <load_address>0x902c9</load_address>
         <run_address>0x902c9</run_address>
         <size>0x2</size>
         <input_file_ref idref="fl-19"/>
      </object_component>
      <object_component id="oc-157">
         <name>.reset</name>
         <load_address>0x3fffc0</load_address>
         <run_address>0x3fffc0</run_address>
         <size>0x2</size>
         <input_file_ref idref="fl-26"/>
      </object_component>
      <object_component id="oc-101">
         <name>PUTBUFFER</name>
         <uninitialized>true</uninitialized>
         <run_address>0x3fc00</run_address>
         <size>0x80</size>
         <input_file_ref idref="fl-8"/>
      </object_component>
      <object_component id="oc-fe">
         <name>PUTWRITEIDX</name>
         <uninitialized>true</uninitialized>
         <run_address>0x3fc80</run_address>
         <size>0x4</size>
         <input_file_ref idref="fl-8"/>
      </object_component>
      <object_component id="oc-100">
         <name>GETREADIDX</name>
         <uninitialized>true</uninitialized>
         <run_address>0x3fc84</run_address>
         <size>0x4</size>
         <input_file_ref idref="fl-8"/>
      </object_component>
      <object_component id="oc-102">
         <name>GETBUFFER</name>
         <uninitialized>true</uninitialized>
         <run_address>0x3f800</run_address>
         <size>0x80</size>
         <input_file_ref idref="fl-8"/>
      </object_component>
      <object_component id="oc-fd">
         <name>GETWRITEIDX</name>
         <uninitialized>true</uninitialized>
         <run_address>0x3f880</run_address>
         <size>0x4</size>
         <input_file_ref idref="fl-8"/>
      </object_component>
      <object_component id="oc-ff">
         <name>PUTREADIDX</name>
         <uninitialized>true</uninitialized>
         <run_address>0x3f884</run_address>
         <size>0x4</size>
         <input_file_ref idref="fl-8"/>
      </object_component>
      <object_component id="oc-f2">
         <name>PieVectTableFile</name>
         <uninitialized>true</uninitialized>
         <run_address>0xd00</run_address>
         <size>0x1c0</size>
         <input_file_ref idref="fl-5"/>
      </object_component>
      <object_component id="oc-92">
         <name>EmuKeyVar</name>
         <uninitialized>true</uninitialized>
         <run_address>0xd00</run_address>
         <size>0x1</size>
         <input_file_ref idref="fl-5"/>
      </object_component>
      <object_component id="oc-93">
         <name>EmuBModeVar</name>
         <uninitialized>true</uninitialized>
         <run_address>0xd01</run_address>
         <size>0x1</size>
         <input_file_ref idref="fl-5"/>
      </object_component>
      <object_component id="oc-aa">
         <name>AdcaResultFile</name>
         <uninitialized>true</uninitialized>
         <run_address>0xb00</run_address>
         <size>0x18</size>
         <input_file_ref idref="fl-5"/>
      </object_component>
      <object_component id="oc-a9">
         <name>AdcbResultFile</name>
         <uninitialized>true</uninitialized>
         <run_address>0xb20</run_address>
         <size>0x18</size>
         <input_file_ref idref="fl-5"/>
      </object_component>
      <object_component id="oc-ac">
         <name>AdccResultFile</name>
         <uninitialized>true</uninitialized>
         <run_address>0xb40</run_address>
         <size>0x18</size>
         <input_file_ref idref="fl-5"/>
      </object_component>
      <object_component id="oc-ab">
         <name>AdcdResultFile</name>
         <uninitialized>true</uninitialized>
         <run_address>0xb60</run_address>
         <size>0x18</size>
         <input_file_ref idref="fl-5"/>
      </object_component>
      <object_component id="oc-dd">
         <name>AdcaRegsFile</name>
         <uninitialized>true</uninitialized>
         <run_address>0x7400</run_address>
         <size>0x80</size>
         <input_file_ref idref="fl-5"/>
      </object_component>
      <object_component id="oc-dc">
         <name>AdcbRegsFile</name>
         <uninitialized>true</uninitialized>
         <run_address>0x7480</run_address>
         <size>0x80</size>
         <input_file_ref idref="fl-5"/>
      </object_component>
      <object_component id="oc-da">
         <name>AdccRegsFile</name>
         <uninitialized>true</uninitialized>
         <run_address>0x7500</run_address>
         <size>0x80</size>
         <input_file_ref idref="fl-5"/>
      </object_component>
      <object_component id="oc-db">
         <name>AdcdRegsFile</name>
         <uninitialized>true</uninitialized>
         <run_address>0x7580</run_address>
         <size>0x80</size>
         <input_file_ref idref="fl-5"/>
      </object_component>
      <object_component id="oc-d7">
         <name>AnalogSubsysRegsFile</name>
         <uninitialized>true</uninitialized>
         <run_address>0x5d180</run_address>
         <size>0x48</size>
         <input_file_ref idref="fl-5"/>
      </object_component>
      <object_component id="oc-d1">
         <name>Cla1RegsFile</name>
         <uninitialized>true</uninitialized>
         <run_address>0x1400</run_address>
         <size>0x3e</size>
         <input_file_ref idref="fl-5"/>
      </object_component>
      <object_component id="oc-97">
         <name>Cla1SoftIntRegsFile</name>
         <uninitialized>true</uninitialized>
         <run_address>0xce0</run_address>
         <size>0x4</size>
         <input_file_ref idref="fl-5"/>
      </object_component>
      <object_component id="oc-bd">
         <name>Cmpss1RegsFile</name>
         <uninitialized>true</uninitialized>
         <run_address>0x5c80</run_address>
         <size>0x20</size>
         <input_file_ref idref="fl-5"/>
      </object_component>
      <object_component id="oc-bc">
         <name>Cmpss2RegsFile</name>
         <uninitialized>true</uninitialized>
         <run_address>0x5ca0</run_address>
         <size>0x20</size>
         <input_file_ref idref="fl-5"/>
      </object_component>
      <object_component id="oc-bf">
         <name>Cmpss3RegsFile</name>
         <uninitialized>true</uninitialized>
         <run_address>0x5cc0</run_address>
         <size>0x20</size>
         <input_file_ref idref="fl-5"/>
      </object_component>
      <object_component id="oc-be">
         <name>Cmpss4RegsFile</name>
         <uninitialized>true</uninitialized>
         <run_address>0x5ce0</run_address>
         <size>0x20</size>
         <input_file_ref idref="fl-5"/>
      </object_component>
      <object_component id="oc-c2">
         <name>Cmpss5RegsFile</name>
         <uninitialized>true</uninitialized>
         <run_address>0x5d00</run_address>
         <size>0x20</size>
         <input_file_ref idref="fl-5"/>
      </object_component>
      <object_component id="oc-b8">
         <name>Cmpss6RegsFile</name>
         <uninitialized>true</uninitialized>
         <run_address>0x5d20</run_address>
         <size>0x20</size>
         <input_file_ref idref="fl-5"/>
      </object_component>
      <object_component id="oc-b7">
         <name>Cmpss7RegsFile</name>
         <uninitialized>true</uninitialized>
         <run_address>0x5d40</run_address>
         <size>0x20</size>
         <input_file_ref idref="fl-5"/>
      </object_component>
      <object_component id="oc-ba">
         <name>Cmpss8RegsFile</name>
         <uninitialized>true</uninitialized>
         <run_address>0x5d60</run_address>
         <size>0x20</size>
         <input_file_ref idref="fl-5"/>
      </object_component>
      <object_component id="oc-9f">
         <name>CpuTimer0RegsFile</name>
         <uninitialized>true</uninitialized>
         <run_address>0xc00</run_address>
         <size>0x8</size>
         <input_file_ref idref="fl-5"/>
      </object_component>
      <object_component id="oc-a0">
         <name>CpuTimer1RegsFile</name>
         <uninitialized>true</uninitialized>
         <run_address>0xc08</run_address>
         <size>0x8</size>
         <input_file_ref idref="fl-5"/>
      </object_component>
      <object_component id="oc-9d">
         <name>CpuTimer2RegsFile</name>
         <uninitialized>true</uninitialized>
         <run_address>0xc10</run_address>
         <size>0x8</size>
         <input_file_ref idref="fl-5"/>
      </object_component>
      <object_component id="oc-9a">
         <name>DacaRegsFile</name>
         <uninitialized>true</uninitialized>
         <run_address>0x5c00</run_address>
         <size>0x8</size>
         <input_file_ref idref="fl-5"/>
      </object_component>
      <object_component id="oc-9b">
         <name>DacbRegsFile</name>
         <uninitialized>true</uninitialized>
         <run_address>0x5c10</run_address>
         <size>0x8</size>
         <input_file_ref idref="fl-5"/>
      </object_component>
      <object_component id="oc-9c">
         <name>DaccRegsFile</name>
         <uninitialized>true</uninitialized>
         <run_address>0x5c20</run_address>
         <size>0x8</size>
         <input_file_ref idref="fl-5"/>
      </object_component>
      <object_component id="oc-cc">
         <name>DcsmZ1RegsFile</name>
         <uninitialized>true</uninitialized>
         <run_address>0x5f000</run_address>
         <size>0x24</size>
         <input_file_ref idref="fl-5"/>
      </object_component>
      <object_component id="oc-ca">
         <name>DcsmZ2RegsFile</name>
         <uninitialized>true</uninitialized>
         <run_address>0x5f040</run_address>
         <size>0x24</size>
         <input_file_ref idref="fl-5"/>
      </object_component>
      <object_component id="oc-9e">
         <name>DcsmCommonRegsFile</name>
         <uninitialized>true</uninitialized>
         <run_address>0x5f070</run_address>
         <size>0x8</size>
         <input_file_ref idref="fl-5"/>
      </object_component>
      <object_component id="oc-b9">
         <name>DcsmZ1OtpFile</name>
         <uninitialized>true</uninitialized>
         <run_address>0x78000</run_address>
         <size>0x20</size>
         <input_file_ref idref="fl-5"/>
      </object_component>
      <object_component id="oc-bb">
         <name>DcsmZ2OtpFile</name>
         <uninitialized>true</uninitialized>
         <run_address>0x78200</run_address>
         <size>0x20</size>
         <input_file_ref idref="fl-5"/>
      </object_component>
      <object_component id="oc-e2">
         <name>DmaRegsFile</name>
         <uninitialized>true</uninitialized>
         <run_address>0x1000</run_address>
         <size>0xe0</size>
         <input_file_ref idref="fl-5"/>
      </object_component>
      <object_component id="oc-ae">
         <name>DmaClaSrcSelRegsFile</name>
         <uninitialized>true</uninitialized>
         <run_address>0x7980</run_address>
         <size>0x1a</size>
         <input_file_ref idref="fl-5"/>
      </object_component>
      <object_component id="oc-c1">
         <name>ECap1RegsFile</name>
         <uninitialized>true</uninitialized>
         <run_address>0x5000</run_address>
         <size>0x20</size>
         <input_file_ref idref="fl-5"/>
      </object_component>
      <object_component id="oc-c0">
         <name>ECap2RegsFile</name>
         <uninitialized>true</uninitialized>
         <run_address>0x5020</run_address>
         <size>0x20</size>
         <input_file_ref idref="fl-5"/>
      </object_component>
      <object_component id="oc-af">
         <name>ECap3RegsFile</name>
         <uninitialized>true</uninitialized>
         <run_address>0x5040</run_address>
         <size>0x20</size>
         <input_file_ref idref="fl-5"/>
      </object_component>
      <object_component id="oc-b1">
         <name>ECap4RegsFile</name>
         <uninitialized>true</uninitialized>
         <run_address>0x5060</run_address>
         <size>0x20</size>
         <input_file_ref idref="fl-5"/>
      </object_component>
      <object_component id="oc-b6">
         <name>ECap5RegsFile</name>
         <uninitialized>true</uninitialized>
         <run_address>0x5080</run_address>
         <size>0x20</size>
         <input_file_ref idref="fl-5"/>
      </object_component>
      <object_component id="oc-b0">
         <name>ECap6RegsFile</name>
         <uninitialized>true</uninitialized>
         <run_address>0x50a0</run_address>
         <size>0x20</size>
         <input_file_ref idref="fl-5"/>
      </object_component>
      <object_component id="oc-d8">
         <name>Emif1RegsFile</name>
         <uninitialized>true</uninitialized>
         <run_address>0x47000</run_address>
         <size>0x70</size>
         <input_file_ref idref="fl-5"/>
      </object_component>
      <object_component id="oc-d9">
         <name>Emif2RegsFile</name>
         <uninitialized>true</uninitialized>
         <run_address>0x47800</run_address>
         <size>0x70</size>
         <input_file_ref idref="fl-5"/>
      </object_component>
      <object_component id="oc-e7">
         <name>EPwm1RegsFile</name>
         <uninitialized>true</uninitialized>
         <run_address>0x4000</run_address>
         <size>0x100</size>
         <input_file_ref idref="fl-5"/>
      </object_component>
      <object_component id="oc-e6">
         <name>EPwm2RegsFile</name>
         <uninitialized>true</uninitialized>
         <run_address>0x4100</run_address>
         <size>0x100</size>
         <input_file_ref idref="fl-5"/>
      </object_component>
      <object_component id="oc-e9">
         <name>EPwm3RegsFile</name>
         <uninitialized>true</uninitialized>
         <run_address>0x4200</run_address>
         <size>0x100</size>
         <input_file_ref idref="fl-5"/>
      </object_component>
      <object_component id="oc-e4">
         <name>EPwm4RegsFile</name>
         <uninitialized>true</uninitialized>
         <run_address>0x4300</run_address>
         <size>0x100</size>
         <input_file_ref idref="fl-5"/>
      </object_component>
      <object_component id="oc-e3">
         <name>EPwm5RegsFile</name>
         <uninitialized>true</uninitialized>
         <run_address>0x4400</run_address>
         <size>0x100</size>
         <input_file_ref idref="fl-5"/>
      </object_component>
      <object_component id="oc-e8">
         <name>EPwm6RegsFile</name>
         <uninitialized>true</uninitialized>
         <run_address>0x4500</run_address>
         <size>0x100</size>
         <input_file_ref idref="fl-5"/>
      </object_component>
      <object_component id="oc-e5">
         <name>EPwm7RegsFile</name>
         <uninitialized>true</uninitialized>
         <run_address>0x4600</run_address>
         <size>0x100</size>
         <input_file_ref idref="fl-5"/>
      </object_component>
      <object_component id="oc-ee">
         <name>EPwm8RegsFile</name>
         <uninitialized>true</uninitialized>
         <run_address>0x4700</run_address>
         <size>0x100</size>
         <input_file_ref idref="fl-5"/>
      </object_component>
      <object_component id="oc-ec">
         <name>EPwm9RegsFile</name>
         <uninitialized>true</uninitialized>
         <run_address>0x4800</run_address>
         <size>0x100</size>
         <input_file_ref idref="fl-5"/>
      </object_component>
      <object_component id="oc-ed">
         <name>EPwm10RegsFile</name>
         <uninitialized>true</uninitialized>
         <run_address>0x4900</run_address>
         <size>0x100</size>
         <input_file_ref idref="fl-5"/>
      </object_component>
      <object_component id="oc-ea">
         <name>EPwm11RegsFile</name>
         <uninitialized>true</uninitialized>
         <run_address>0x4a00</run_address>
         <size>0x100</size>
         <input_file_ref idref="fl-5"/>
      </object_component>
      <object_component id="oc-eb">
         <name>EPwm12RegsFile</name>
         <uninitialized>true</uninitialized>
         <run_address>0x4b00</run_address>
         <size>0x100</size>
         <input_file_ref idref="fl-5"/>
      </object_component>
      <object_component id="oc-d4">
         <name>EPwmXbarRegsFile</name>
         <uninitialized>true</uninitialized>
         <run_address>0x7a00</run_address>
         <size>0x40</size>
         <input_file_ref idref="fl-5"/>
      </object_component>
      <object_component id="oc-c7">
         <name>EQep1RegsFile</name>
         <uninitialized>true</uninitialized>
         <run_address>0x5100</run_address>
         <size>0x22</size>
         <input_file_ref idref="fl-5"/>
      </object_component>
      <object_component id="oc-c5">
         <name>EQep2RegsFile</name>
         <uninitialized>true</uninitialized>
         <run_address>0x5140</run_address>
         <size>0x22</size>
         <input_file_ref idref="fl-5"/>
      </object_component>
      <object_component id="oc-c3">
         <name>EQep3RegsFile</name>
         <uninitialized>true</uninitialized>
         <run_address>0x5180</run_address>
         <size>0x22</size>
         <input_file_ref idref="fl-5"/>
      </object_component>
      <object_component id="oc-f1">
         <name>Flash0CtrlRegsFile</name>
         <uninitialized>true</uninitialized>
         <run_address>0x5f800</run_address>
         <size>0x182</size>
         <input_file_ref idref="fl-5"/>
      </object_component>
      <object_component id="oc-cd">
         <name>Flash0EccRegsFile</name>
         <uninitialized>true</uninitialized>
         <run_address>0x5fb00</run_address>
         <size>0x28</size>
         <input_file_ref idref="fl-5"/>
      </object_component>
      <object_component id="oc-f0">
         <name>GpioCtrlRegsFile</name>
         <uninitialized>true</uninitialized>
         <run_address>0x7c00</run_address>
         <size>0x180</size>
         <input_file_ref idref="fl-5"/>
      </object_component>
      <object_component id="oc-cf">
         <name>GpioDataRegsFile</name>
         <uninitialized>true</uninitialized>
         <run_address>0x7f00</run_address>
         <size>0x30</size>
         <input_file_ref idref="fl-5"/>
      </object_component>
      <object_component id="oc-d5">
         <name>OutputXbarRegsFile</name>
         <uninitialized>true</uninitialized>
         <run_address>0x7a80</run_address>
         <size>0x40</size>
         <input_file_ref idref="fl-5"/>
      </object_component>
      <object_component id="oc-c6">
         <name>I2caRegsFile</name>
         <uninitialized>true</uninitialized>
         <run_address>0x7300</run_address>
         <size>0x22</size>
         <input_file_ref idref="fl-5"/>
      </object_component>
      <object_component id="oc-c4">
         <name>I2cbRegsFile</name>
         <uninitialized>true</uninitialized>
         <run_address>0x7340</run_address>
         <size>0x22</size>
         <input_file_ref idref="fl-5"/>
      </object_component>
      <object_component id="oc-b4">
         <name>InputXbarRegsFile</name>
         <uninitialized>true</uninitialized>
         <run_address>0x7900</run_address>
         <size>0x20</size>
         <input_file_ref idref="fl-5"/>
      </object_component>
      <object_component id="oc-b5">
         <name>XbarRegsFile</name>
         <uninitialized>true</uninitialized>
         <run_address>0x7920</run_address>
         <size>0x20</size>
         <input_file_ref idref="fl-5"/>
      </object_component>
      <object_component id="oc-c8">
         <name>IpcRegsFile</name>
         <uninitialized>true</uninitialized>
         <run_address>0x50000</run_address>
         <size>0x24</size>
         <input_file_ref idref="fl-5"/>
      </object_component>
      <object_component id="oc-94">
         <name>FlashPumpSemaphoreRegsFile</name>
         <uninitialized>true</uninitialized>
         <run_address>0x50024</run_address>
         <size>0x2</size>
         <input_file_ref idref="fl-5"/>
      </object_component>
      <object_component id="oc-96">
         <name>RomPrefetchRegsFile</name>
         <uninitialized>true</uninitialized>
         <run_address>0x5e608</run_address>
         <size>0x2</size>
         <input_file_ref idref="fl-5"/>
      </object_component>
      <object_component id="oc-df">
         <name>MemCfgRegsFile</name>
         <uninitialized>true</uninitialized>
         <run_address>0x5f400</run_address>
         <size>0x80</size>
         <input_file_ref idref="fl-5"/>
      </object_component>
      <object_component id="oc-b2">
         <name>Emif1ConfigRegsFile</name>
         <uninitialized>true</uninitialized>
         <run_address>0x5f480</run_address>
         <size>0x20</size>
         <input_file_ref idref="fl-5"/>
      </object_component>
      <object_component id="oc-b3">
         <name>Emif2ConfigRegsFile</name>
         <uninitialized>true</uninitialized>
         <run_address>0x5f4a0</run_address>
         <size>0x20</size>
         <input_file_ref idref="fl-5"/>
      </object_component>
      <object_component id="oc-d3">
         <name>AccessProtectionRegsFile</name>
         <uninitialized>true</uninitialized>
         <run_address>0x5f4c0</run_address>
         <size>0x40</size>
         <input_file_ref idref="fl-5"/>
      </object_component>
      <object_component id="oc-d2">
         <name>MemoryErrorRegsFile</name>
         <uninitialized>true</uninitialized>
         <run_address>0x5f500</run_address>
         <size>0x40</size>
         <input_file_ref idref="fl-5"/>
      </object_component>
      <object_component id="oc-95">
         <name>RomWaitStateRegsFile</name>
         <uninitialized>true</uninitialized>
         <run_address>0x5f540</run_address>
         <size>0x2</size>
         <input_file_ref idref="fl-5"/>
      </object_component>
      <object_component id="oc-c9">
         <name>McbspaRegsFile</name>
         <uninitialized>true</uninitialized>
         <run_address>0x6000</run_address>
         <size>0x24</size>
         <input_file_ref idref="fl-5"/>
      </object_component>
      <object_component id="oc-cb">
         <name>McbspbRegsFile</name>
         <uninitialized>true</uninitialized>
         <run_address>0x6040</run_address>
         <size>0x24</size>
         <input_file_ref idref="fl-5"/>
      </object_component>
      <object_component id="oc-d6">
         <name>UppRegsFile</name>
         <uninitialized>true</uninitialized>
         <run_address>0x6200</run_address>
         <size>0x48</size>
         <input_file_ref idref="fl-5"/>
      </object_component>
      <object_component id="oc-99">
         <name>NmiIntruptRegsFile</name>
         <uninitialized>true</uninitialized>
         <run_address>0x7060</run_address>
         <size>0x7</size>
         <input_file_ref idref="fl-5"/>
      </object_component>
      <object_component id="oc-ad">
         <name>PieCtrlRegsFile</name>
         <uninitialized>true</uninitialized>
         <run_address>0xce0</run_address>
         <size>0x1a</size>
         <input_file_ref idref="fl-5"/>
      </object_component>
      <object_component id="oc-a7">
         <name>SciaRegsFile</name>
         <uninitialized>true</uninitialized>
         <run_address>0x7200</run_address>
         <size>0x10</size>
         <input_file_ref idref="fl-5"/>
      </object_component>
      <object_component id="oc-a8">
         <name>ScibRegsFile</name>
         <uninitialized>true</uninitialized>
         <run_address>0x7210</run_address>
         <size>0x10</size>
         <input_file_ref idref="fl-5"/>
      </object_component>
      <object_component id="oc-a6">
         <name>ScicRegsFile</name>
         <uninitialized>true</uninitialized>
         <run_address>0x7220</run_address>
         <size>0x10</size>
         <input_file_ref idref="fl-5"/>
      </object_component>
      <object_component id="oc-a5">
         <name>ScidRegsFile</name>
         <uninitialized>true</uninitialized>
         <run_address>0x7230</run_address>
         <size>0x10</size>
         <input_file_ref idref="fl-5"/>
      </object_component>
      <object_component id="oc-de">
         <name>Sdfm1RegsFile</name>
         <uninitialized>true</uninitialized>
         <run_address>0x5e00</run_address>
         <size>0x80</size>
         <input_file_ref idref="fl-5"/>
      </object_component>
      <object_component id="oc-e0">
         <name>Sdfm2RegsFile</name>
         <uninitialized>true</uninitialized>
         <run_address>0x5e80</run_address>
         <size>0x80</size>
         <input_file_ref idref="fl-5"/>
      </object_component>
      <object_component id="oc-a2">
         <name>SpiaRegsFile</name>
         <uninitialized>true</uninitialized>
         <run_address>0x6100</run_address>
         <size>0x10</size>
         <input_file_ref idref="fl-5"/>
      </object_component>
      <object_component id="oc-a4">
         <name>SpibRegsFile</name>
         <uninitialized>true</uninitialized>
         <run_address>0x6110</run_address>
         <size>0x10</size>
         <input_file_ref idref="fl-5"/>
      </object_component>
      <object_component id="oc-a3">
         <name>SpicRegsFile</name>
         <uninitialized>true</uninitialized>
         <run_address>0x6120</run_address>
         <size>0x10</size>
         <input_file_ref idref="fl-5"/>
      </object_component>
      <object_component id="oc-ef">
         <name>DevCfgRegsFile</name>
         <uninitialized>true</uninitialized>
         <run_address>0x5d000</run_address>
         <size>0x12e</size>
         <input_file_ref idref="fl-5"/>
      </object_component>
      <object_component id="oc-d0">
         <name>ClkCfgRegsFile</name>
         <uninitialized>true</uninitialized>
         <run_address>0x5d200</run_address>
         <size>0x32</size>
         <input_file_ref idref="fl-5"/>
      </object_component>
      <object_component id="oc-e1">
         <name>CpuSysRegsFile</name>
         <uninitialized>true</uninitialized>
         <run_address>0x5d300</run_address>
         <size>0x82</size>
         <input_file_ref idref="fl-5"/>
      </object_component>
      <object_component id="oc-98">
         <name>SyncSocRegsFile</name>
         <uninitialized>true</uninitialized>
         <run_address>0x7940</run_address>
         <size>0x6</size>
         <input_file_ref idref="fl-5"/>
      </object_component>
      <object_component id="oc-ce">
         <name>WdRegsFile</name>
         <uninitialized>true</uninitialized>
         <run_address>0x7000</run_address>
         <size>0x2b</size>
         <input_file_ref idref="fl-5"/>
      </object_component>
      <object_component id="oc-a1">
         <name>XintRegsFile</name>
         <uninitialized>true</uninitialized>
         <run_address>0x7070</run_address>
         <size>0xb</size>
         <input_file_ref idref="fl-5"/>
      </object_component>
      <object_component id="oc-83">
         <name>.debug_info</name>
         <load_address>0x0</load_address>
         <run_address>0x0</run_address>
         <size>0x4992</size>
         <input_file_ref idref="fl-2"/>
      </object_component>
      <object_component id="oc-89">
         <name>.debug_info</name>
         <load_address>0x4992</load_address>
         <run_address>0x4992</run_address>
         <size>0x11a</size>
         <input_file_ref idref="fl-3"/>
      </object_component>
      <object_component id="oc-8c">
         <name>.debug_info</name>
         <load_address>0x4aac</load_address>
         <run_address>0x4aac</run_address>
         <size>0x34ea</size>
         <input_file_ref idref="fl-4"/>
      </object_component>
      <object_component id="oc-91">
         <name>.debug_info</name>
         <load_address>0x7f96</load_address>
         <run_address>0x7f96</run_address>
         <size>0x4c6ff</size>
         <input_file_ref idref="fl-5"/>
      </object_component>
      <object_component id="oc-f4">
         <name>.debug_info</name>
         <load_address>0x54695</load_address>
         <run_address>0x54695</run_address>
         <size>0x19ebc</size>
         <input_file_ref idref="fl-6"/>
      </object_component>
      <object_component id="oc-f8">
         <name>.debug_info</name>
         <load_address>0x6e551</load_address>
         <run_address>0x6e551</run_address>
         <size>0x1644</size>
         <input_file_ref idref="fl-7"/>
      </object_component>
      <object_component id="oc-fc">
         <name>.debug_info</name>
         <load_address>0x6fb95</load_address>
         <run_address>0x6fb95</run_address>
         <size>0x195d</size>
         <input_file_ref idref="fl-8"/>
      </object_component>
      <object_component id="oc-106">
         <name>.debug_info</name>
         <load_address>0x714f2</load_address>
         <run_address>0x714f2</run_address>
         <size>0x17765</size>
         <input_file_ref idref="fl-9"/>
      </object_component>
      <object_component id="oc-10a">
         <name>.debug_info</name>
         <load_address>0x88c57</load_address>
         <run_address>0x88c57</run_address>
         <size>0x33d1</size>
         <input_file_ref idref="fl-a"/>
      </object_component>
      <object_component id="oc-10e">
         <name>.debug_info</name>
         <load_address>0x8c028</load_address>
         <run_address>0x8c028</run_address>
         <size>0x65f2</size>
         <input_file_ref idref="fl-b"/>
      </object_component>
      <object_component id="oc-113">
         <name>.debug_info</name>
         <load_address>0x9261a</load_address>
         <run_address>0x9261a</run_address>
         <size>0xc12d</size>
         <input_file_ref idref="fl-c"/>
      </object_component>
      <object_component id="oc-118">
         <name>.debug_info</name>
         <load_address>0x9e747</load_address>
         <run_address>0x9e747</run_address>
         <size>0xe0</size>
         <input_file_ref idref="fl-d"/>
      </object_component>
      <object_component id="oc-11b">
         <name>.debug_info</name>
         <load_address>0x9e827</load_address>
         <run_address>0x9e827</run_address>
         <size>0xa0d1</size>
         <input_file_ref idref="fl-e"/>
      </object_component>
      <object_component id="oc-11f">
         <name>.debug_info</name>
         <load_address>0xa88f8</load_address>
         <run_address>0xa88f8</run_address>
         <size>0x9c24</size>
         <input_file_ref idref="fl-f"/>
      </object_component>
      <object_component id="oc-123">
         <name>.debug_info</name>
         <load_address>0xb251c</load_address>
         <run_address>0xb251c</run_address>
         <size>0x2945</size>
         <input_file_ref idref="fl-10"/>
      </object_component>
      <object_component id="oc-127">
         <name>.debug_info</name>
         <load_address>0xb4e61</load_address>
         <run_address>0xb4e61</run_address>
         <size>0x5365</size>
         <input_file_ref idref="fl-11"/>
      </object_component>
      <object_component id="oc-12c">
         <name>.debug_info</name>
         <load_address>0xba1c6</load_address>
         <run_address>0xba1c6</run_address>
         <size>0x1e14</size>
         <input_file_ref idref="fl-12"/>
      </object_component>
      <object_component id="oc-130">
         <name>.debug_info</name>
         <load_address>0xbbfda</load_address>
         <run_address>0xbbfda</run_address>
         <size>0x9a5f</size>
         <input_file_ref idref="fl-13"/>
      </object_component>
      <object_component id="oc-134">
         <name>.debug_info</name>
         <load_address>0xc5a39</load_address>
         <run_address>0xc5a39</run_address>
         <size>0xa509</size>
         <input_file_ref idref="fl-14"/>
      </object_component>
      <object_component id="oc-138">
         <name>.debug_info</name>
         <load_address>0xcff42</load_address>
         <run_address>0xcff42</run_address>
         <size>0x8f85</size>
         <input_file_ref idref="fl-15"/>
      </object_component>
      <object_component id="oc-13c">
         <name>.debug_info</name>
         <load_address>0xd8ec7</load_address>
         <run_address>0xd8ec7</run_address>
         <size>0x7654</size>
         <input_file_ref idref="fl-16"/>
      </object_component>
      <object_component id="oc-140">
         <name>.debug_info</name>
         <load_address>0xe051b</load_address>
         <run_address>0xe051b</run_address>
         <size>0x15a4</size>
         <input_file_ref idref="fl-17"/>
      </object_component>
      <object_component id="oc-144">
         <name>.debug_info</name>
         <load_address>0xe1abf</load_address>
         <run_address>0xe1abf</run_address>
         <size>0x188d</size>
         <input_file_ref idref="fl-18"/>
      </object_component>
      <object_component id="oc-148">
         <name>.debug_info</name>
         <load_address>0xe334c</load_address>
         <run_address>0xe334c</run_address>
         <size>0x5917</size>
         <input_file_ref idref="fl-19"/>
      </object_component>
      <object_component id="oc-14b">
         <name>.debug_info</name>
         <load_address>0xe8c63</load_address>
         <run_address>0xe8c63</run_address>
         <size>0x637</size>
         <input_file_ref idref="fl-1a"/>
      </object_component>
      <object_component id="oc-150">
         <name>.debug_info</name>
         <load_address>0xe929a</load_address>
         <run_address>0xe929a</run_address>
         <size>0xbecd</size>
         <input_file_ref idref="fl-1b"/>
      </object_component>
      <object_component id="oc-158">
         <name>.debug_info</name>
         <load_address>0xf5167</load_address>
         <run_address>0xf5167</run_address>
         <size>0xde</size>
         <input_file_ref idref="fl-26"/>
      </object_component>
      <object_component id="oc-15b">
         <name>.debug_info</name>
         <load_address>0xf5245</load_address>
         <run_address>0xf5245</run_address>
         <size>0x488</size>
         <input_file_ref idref="fl-27"/>
      </object_component>
      <object_component id="oc-162">
         <name>.debug_info</name>
         <load_address>0xf56cd</load_address>
         <run_address>0xf56cd</run_address>
         <size>0xc0</size>
         <input_file_ref idref="fl-28"/>
      </object_component>
      <object_component id="oc-166">
         <name>.debug_info</name>
         <load_address>0xf578d</load_address>
         <run_address>0xf578d</run_address>
         <size>0x11e</size>
         <input_file_ref idref="fl-29"/>
      </object_component>
      <object_component id="oc-169">
         <name>.debug_info</name>
         <load_address>0xf58ab</load_address>
         <run_address>0xf58ab</run_address>
         <size>0x383</size>
         <input_file_ref idref="fl-2a"/>
      </object_component>
      <object_component id="oc-16d">
         <name>.debug_info</name>
         <load_address>0xf5c2e</load_address>
         <run_address>0xf5c2e</run_address>
         <size>0x360</size>
         <input_file_ref idref="fl-2b"/>
      </object_component>
      <object_component id="oc-171">
         <name>.debug_info</name>
         <load_address>0xf5f8e</load_address>
         <run_address>0xf5f8e</run_address>
         <size>0x430</size>
         <input_file_ref idref="fl-2c"/>
      </object_component>
      <object_component id="oc-176">
         <name>.debug_info</name>
         <load_address>0xf63be</load_address>
         <run_address>0xf63be</run_address>
         <size>0xeb</size>
         <input_file_ref idref="fl-2d"/>
      </object_component>
      <object_component id="oc-179">
         <name>.debug_info</name>
         <load_address>0xf64a9</load_address>
         <run_address>0xf64a9</run_address>
         <size>0x4ae</size>
         <input_file_ref idref="fl-2e"/>
      </object_component>
      <object_component id="oc-17f">
         <name>.debug_info</name>
         <load_address>0xf6957</load_address>
         <run_address>0xf6957</run_address>
         <size>0x40c</size>
         <input_file_ref idref="fl-2f"/>
      </object_component>
      <object_component id="oc-183">
         <name>.debug_info</name>
         <load_address>0xf6d63</load_address>
         <run_address>0xf6d63</run_address>
         <size>0x46f</size>
         <input_file_ref idref="fl-30"/>
      </object_component>
      <object_component id="oc-187">
         <name>.debug_info</name>
         <load_address>0xf71d2</load_address>
         <run_address>0xf71d2</run_address>
         <size>0x355</size>
         <input_file_ref idref="fl-31"/>
      </object_component>
      <object_component id="oc-18b">
         <name>.debug_info</name>
         <load_address>0xf7527</load_address>
         <run_address>0xf7527</run_address>
         <size>0x3ec</size>
         <input_file_ref idref="fl-32"/>
      </object_component>
      <object_component id="oc-18f">
         <name>.debug_info</name>
         <load_address>0xf7913</load_address>
         <run_address>0xf7913</run_address>
         <size>0x3d2</size>
         <input_file_ref idref="fl-33"/>
      </object_component>
      <object_component id="oc-194">
         <name>.debug_info</name>
         <load_address>0xf7ce5</load_address>
         <run_address>0xf7ce5</run_address>
         <size>0xeb</size>
         <input_file_ref idref="fl-34"/>
      </object_component>
      <object_component id="oc-197">
         <name>.debug_info</name>
         <load_address>0xf7dd0</load_address>
         <run_address>0xf7dd0</run_address>
         <size>0x3e2</size>
         <input_file_ref idref="fl-35"/>
      </object_component>
      <object_component id="oc-247">
         <name>.debug_info</name>
         <load_address>0xf81b2</load_address>
         <run_address>0xf81b2</run_address>
         <size>0x70</size>
      </object_component>
      <object_component id="oc-84">
         <name>.debug_frame</name>
         <load_address>0x0</load_address>
         <run_address>0x0</run_address>
         <size>0x524</size>
         <input_file_ref idref="fl-2"/>
      </object_component>
      <object_component id="oc-8e">
         <name>.debug_frame</name>
         <load_address>0x524</load_address>
         <run_address>0x524</run_address>
         <size>0x16a2</size>
         <input_file_ref idref="fl-4"/>
      </object_component>
      <object_component id="oc-f5">
         <name>.debug_frame</name>
         <load_address>0x1bc6</load_address>
         <run_address>0x1bc6</run_address>
         <size>0x22a</size>
         <input_file_ref idref="fl-6"/>
      </object_component>
      <object_component id="oc-f9">
         <name>.debug_frame</name>
         <load_address>0x1df0</load_address>
         <run_address>0x1df0</run_address>
         <size>0x8e</size>
         <input_file_ref idref="fl-7"/>
      </object_component>
      <object_component id="oc-103">
         <name>.debug_frame</name>
         <load_address>0x1e7e</load_address>
         <run_address>0x1e7e</run_address>
         <size>0x8e</size>
         <input_file_ref idref="fl-8"/>
      </object_component>
      <object_component id="oc-107">
         <name>.debug_frame</name>
         <load_address>0x1f0c</load_address>
         <run_address>0x1f0c</run_address>
         <size>0x8e</size>
         <input_file_ref idref="fl-9"/>
      </object_component>
      <object_component id="oc-10b">
         <name>.debug_frame</name>
         <load_address>0x1f9a</load_address>
         <run_address>0x1f9a</run_address>
         <size>0x8e</size>
         <input_file_ref idref="fl-a"/>
      </object_component>
      <object_component id="oc-110">
         <name>.debug_frame</name>
         <load_address>0x2028</load_address>
         <run_address>0x2028</run_address>
         <size>0xac</size>
         <input_file_ref idref="fl-b"/>
      </object_component>
      <object_component id="oc-114">
         <name>.debug_frame</name>
         <load_address>0x20d4</load_address>
         <run_address>0x20d4</run_address>
         <size>0x283</size>
         <input_file_ref idref="fl-c"/>
      </object_component>
      <object_component id="oc-11c">
         <name>.debug_frame</name>
         <load_address>0x2357</load_address>
         <run_address>0x2357</run_address>
         <size>0xae</size>
         <input_file_ref idref="fl-e"/>
      </object_component>
      <object_component id="oc-120">
         <name>.debug_frame</name>
         <load_address>0x2405</load_address>
         <run_address>0x2405</run_address>
         <size>0x3d3</size>
         <input_file_ref idref="fl-f"/>
      </object_component>
      <object_component id="oc-124">
         <name>.debug_frame</name>
         <load_address>0x27d8</load_address>
         <run_address>0x27d8</run_address>
         <size>0x2bc</size>
         <input_file_ref idref="fl-10"/>
      </object_component>
      <object_component id="oc-129">
         <name>.debug_frame</name>
         <load_address>0x2a94</load_address>
         <run_address>0x2a94</run_address>
         <size>0x475</size>
         <input_file_ref idref="fl-11"/>
      </object_component>
      <object_component id="oc-12d">
         <name>.debug_frame</name>
         <load_address>0x2f09</load_address>
         <run_address>0x2f09</run_address>
         <size>0x1ab</size>
         <input_file_ref idref="fl-12"/>
      </object_component>
      <object_component id="oc-131">
         <name>.debug_frame</name>
         <load_address>0x30b4</load_address>
         <run_address>0x30b4</run_address>
         <size>0x4ce</size>
         <input_file_ref idref="fl-13"/>
      </object_component>
      <object_component id="oc-135">
         <name>.debug_frame</name>
         <load_address>0x3582</load_address>
         <run_address>0x3582</run_address>
         <size>0x3d2</size>
         <input_file_ref idref="fl-14"/>
      </object_component>
      <object_component id="oc-139">
         <name>.debug_frame</name>
         <load_address>0x3954</load_address>
         <run_address>0x3954</run_address>
         <size>0x336</size>
         <input_file_ref idref="fl-15"/>
      </object_component>
      <object_component id="oc-13d">
         <name>.debug_frame</name>
         <load_address>0x3c8a</load_address>
         <run_address>0x3c8a</run_address>
         <size>0x186</size>
         <input_file_ref idref="fl-16"/>
      </object_component>
      <object_component id="oc-141">
         <name>.debug_frame</name>
         <load_address>0x3e10</load_address>
         <run_address>0x3e10</run_address>
         <size>0xfd</size>
         <input_file_ref idref="fl-17"/>
      </object_component>
      <object_component id="oc-145">
         <name>.debug_frame</name>
         <load_address>0x3f0d</load_address>
         <run_address>0x3f0d</run_address>
         <size>0x179</size>
         <input_file_ref idref="fl-18"/>
      </object_component>
      <object_component id="oc-14d">
         <name>.debug_frame</name>
         <load_address>0x4086</load_address>
         <run_address>0x4086</run_address>
         <size>0x8e</size>
         <input_file_ref idref="fl-1a"/>
      </object_component>
      <object_component id="oc-153">
         <name>.debug_frame</name>
         <load_address>0x4114</load_address>
         <run_address>0x4114</run_address>
         <size>0x18f</size>
         <input_file_ref idref="fl-1b"/>
      </object_component>
      <object_component id="oc-15e">
         <name>.debug_frame</name>
         <load_address>0x42a3</load_address>
         <run_address>0x42a3</run_address>
         <size>0xc7</size>
         <input_file_ref idref="fl-27"/>
      </object_component>
      <object_component id="oc-16a">
         <name>.debug_frame</name>
         <load_address>0x436a</load_address>
         <run_address>0x436a</run_address>
         <size>0x8e</size>
         <input_file_ref idref="fl-2a"/>
      </object_component>
      <object_component id="oc-16e">
         <name>.debug_frame</name>
         <load_address>0x43f8</load_address>
         <run_address>0x43f8</run_address>
         <size>0x8e</size>
         <input_file_ref idref="fl-2b"/>
      </object_component>
      <object_component id="oc-172">
         <name>.debug_frame</name>
         <load_address>0x4486</load_address>
         <run_address>0x4486</run_address>
         <size>0xb6</size>
         <input_file_ref idref="fl-2c"/>
      </object_component>
      <object_component id="oc-17c">
         <name>.debug_frame</name>
         <load_address>0x453c</load_address>
         <run_address>0x453c</run_address>
         <size>0xd6</size>
         <input_file_ref idref="fl-2e"/>
      </object_component>
      <object_component id="oc-180">
         <name>.debug_frame</name>
         <load_address>0x4612</load_address>
         <run_address>0x4612</run_address>
         <size>0xad</size>
         <input_file_ref idref="fl-2f"/>
      </object_component>
      <object_component id="oc-184">
         <name>.debug_frame</name>
         <load_address>0x46bf</load_address>
         <run_address>0x46bf</run_address>
         <size>0xa6</size>
         <input_file_ref idref="fl-30"/>
      </object_component>
      <object_component id="oc-18c">
         <name>.debug_frame</name>
         <load_address>0x4765</load_address>
         <run_address>0x4765</run_address>
         <size>0xb6</size>
         <input_file_ref idref="fl-32"/>
      </object_component>
      <object_component id="oc-190">
         <name>.debug_frame</name>
         <load_address>0x481b</load_address>
         <run_address>0x481b</run_address>
         <size>0xac</size>
         <input_file_ref idref="fl-33"/>
      </object_component>
      <object_component id="oc-198">
         <name>.debug_frame</name>
         <load_address>0x48c7</load_address>
         <run_address>0x48c7</run_address>
         <size>0xac</size>
         <input_file_ref idref="fl-35"/>
      </object_component>
      <object_component id="oc-85">
         <name>.debug_line</name>
         <load_address>0x0</load_address>
         <run_address>0x0</run_address>
         <size>0x731</size>
         <input_file_ref idref="fl-2"/>
      </object_component>
      <object_component id="oc-8a">
         <name>.debug_line</name>
         <load_address>0x731</load_address>
         <run_address>0x731</run_address>
         <size>0x5d</size>
         <input_file_ref idref="fl-3"/>
      </object_component>
      <object_component id="oc-8f">
         <name>.debug_line</name>
         <load_address>0x78e</load_address>
         <run_address>0x78e</run_address>
         <size>0xcd6</size>
         <input_file_ref idref="fl-4"/>
      </object_component>
      <object_component id="oc-f6">
         <name>.debug_line</name>
         <load_address>0x1464</load_address>
         <run_address>0x1464</run_address>
         <size>0x34e</size>
         <input_file_ref idref="fl-6"/>
      </object_component>
      <object_component id="oc-fa">
         <name>.debug_line</name>
         <load_address>0x17b2</load_address>
         <run_address>0x17b2</run_address>
         <size>0x2e</size>
         <input_file_ref idref="fl-7"/>
      </object_component>
      <object_component id="oc-104">
         <name>.debug_line</name>
         <load_address>0x17e0</load_address>
         <run_address>0x17e0</run_address>
         <size>0x35</size>
         <input_file_ref idref="fl-8"/>
      </object_component>
      <object_component id="oc-108">
         <name>.debug_line</name>
         <load_address>0x1815</load_address>
         <run_address>0x1815</run_address>
         <size>0x3a</size>
         <input_file_ref idref="fl-9"/>
      </object_component>
      <object_component id="oc-10c">
         <name>.debug_line</name>
         <load_address>0x184f</load_address>
         <run_address>0x184f</run_address>
         <size>0x32</size>
         <input_file_ref idref="fl-a"/>
      </object_component>
      <object_component id="oc-111">
         <name>.debug_line</name>
         <load_address>0x1881</load_address>
         <run_address>0x1881</run_address>
         <size>0x66</size>
         <input_file_ref idref="fl-b"/>
      </object_component>
      <object_component id="oc-115">
         <name>.debug_line</name>
         <load_address>0x18e7</load_address>
         <run_address>0x18e7</run_address>
         <size>0x37a</size>
         <input_file_ref idref="fl-c"/>
      </object_component>
      <object_component id="oc-119">
         <name>.debug_line</name>
         <load_address>0x1c61</load_address>
         <run_address>0x1c61</run_address>
         <size>0x44</size>
         <input_file_ref idref="fl-d"/>
      </object_component>
      <object_component id="oc-11d">
         <name>.debug_line</name>
         <load_address>0x1ca5</load_address>
         <run_address>0x1ca5</run_address>
         <size>0x17d</size>
         <input_file_ref idref="fl-e"/>
      </object_component>
      <object_component id="oc-121">
         <name>.debug_line</name>
         <load_address>0x1e22</load_address>
         <run_address>0x1e22</run_address>
         <size>0x725</size>
         <input_file_ref idref="fl-f"/>
      </object_component>
      <object_component id="oc-125">
         <name>.debug_line</name>
         <load_address>0x2547</load_address>
         <run_address>0x2547</run_address>
         <size>0x4b1</size>
         <input_file_ref idref="fl-10"/>
      </object_component>
      <object_component id="oc-12a">
         <name>.debug_line</name>
         <load_address>0x29f8</load_address>
         <run_address>0x29f8</run_address>
         <size>0x815</size>
         <input_file_ref idref="fl-11"/>
      </object_component>
      <object_component id="oc-12e">
         <name>.debug_line</name>
         <load_address>0x320d</load_address>
         <run_address>0x320d</run_address>
         <size>0x1b6</size>
         <input_file_ref idref="fl-12"/>
      </object_component>
      <object_component id="oc-132">
         <name>.debug_line</name>
         <load_address>0x33c3</load_address>
         <run_address>0x33c3</run_address>
         <size>0x897</size>
         <input_file_ref idref="fl-13"/>
      </object_component>
      <object_component id="oc-136">
         <name>.debug_line</name>
         <load_address>0x3c5a</load_address>
         <run_address>0x3c5a</run_address>
         <size>0x80e</size>
         <input_file_ref idref="fl-14"/>
      </object_component>
      <object_component id="oc-13a">
         <name>.debug_line</name>
         <load_address>0x4468</load_address>
         <run_address>0x4468</run_address>
         <size>0x8a7</size>
         <input_file_ref idref="fl-15"/>
      </object_component>
      <object_component id="oc-13e">
         <name>.debug_line</name>
         <load_address>0x4d0f</load_address>
         <run_address>0x4d0f</run_address>
         <size>0x364</size>
         <input_file_ref idref="fl-16"/>
      </object_component>
      <object_component id="oc-142">
         <name>.debug_line</name>
         <load_address>0x5073</load_address>
         <run_address>0x5073</run_address>
         <size>0x1ec</size>
         <input_file_ref idref="fl-17"/>
      </object_component>
      <object_component id="oc-146">
         <name>.debug_line</name>
         <load_address>0x525f</load_address>
         <run_address>0x525f</run_address>
         <size>0x1d8</size>
         <input_file_ref idref="fl-18"/>
      </object_component>
      <object_component id="oc-14e">
         <name>.debug_line</name>
         <load_address>0x5437</load_address>
         <run_address>0x5437</run_address>
         <size>0x2e</size>
         <input_file_ref idref="fl-1a"/>
      </object_component>
      <object_component id="oc-154">
         <name>.debug_line</name>
         <load_address>0x5465</load_address>
         <run_address>0x5465</run_address>
         <size>0x142</size>
         <input_file_ref idref="fl-1b"/>
      </object_component>
      <object_component id="oc-159">
         <name>.debug_line</name>
         <load_address>0x55a7</load_address>
         <run_address>0x55a7</run_address>
         <size>0x71</size>
         <input_file_ref idref="fl-26"/>
      </object_component>
      <object_component id="oc-15f">
         <name>.debug_line</name>
         <load_address>0x5618</load_address>
         <run_address>0x5618</run_address>
         <size>0x62</size>
         <input_file_ref idref="fl-27"/>
      </object_component>
      <object_component id="oc-163">
         <name>.debug_line</name>
         <load_address>0x567a</load_address>
         <run_address>0x567a</run_address>
         <size>0xaa</size>
         <input_file_ref idref="fl-28"/>
      </object_component>
      <object_component id="oc-167">
         <name>.debug_line</name>
         <load_address>0x5724</load_address>
         <run_address>0x5724</run_address>
         <size>0x69</size>
         <input_file_ref idref="fl-29"/>
      </object_component>
      <object_component id="oc-16b">
         <name>.debug_line</name>
         <load_address>0x578d</load_address>
         <run_address>0x578d</run_address>
         <size>0x29</size>
         <input_file_ref idref="fl-2a"/>
      </object_component>
      <object_component id="oc-16f">
         <name>.debug_line</name>
         <load_address>0x57b6</load_address>
         <run_address>0x57b6</run_address>
         <size>0x3e</size>
         <input_file_ref idref="fl-2b"/>
      </object_component>
      <object_component id="oc-173">
         <name>.debug_line</name>
         <load_address>0x57f4</load_address>
         <run_address>0x57f4</run_address>
         <size>0x60</size>
         <input_file_ref idref="fl-2c"/>
      </object_component>
      <object_component id="oc-177">
         <name>.debug_line</name>
         <load_address>0x5854</load_address>
         <run_address>0x5854</run_address>
         <size>0x4c</size>
         <input_file_ref idref="fl-2d"/>
      </object_component>
      <object_component id="oc-17d">
         <name>.debug_line</name>
         <load_address>0x58a0</load_address>
         <run_address>0x58a0</run_address>
         <size>0x5b</size>
         <input_file_ref idref="fl-2e"/>
      </object_component>
      <object_component id="oc-181">
         <name>.debug_line</name>
         <load_address>0x58fb</load_address>
         <run_address>0x58fb</run_address>
         <size>0x51</size>
         <input_file_ref idref="fl-2f"/>
      </object_component>
      <object_component id="oc-185">
         <name>.debug_line</name>
         <load_address>0x594c</load_address>
         <run_address>0x594c</run_address>
         <size>0x50</size>
         <input_file_ref idref="fl-30"/>
      </object_component>
      <object_component id="oc-18d">
         <name>.debug_line</name>
         <load_address>0x599c</load_address>
         <run_address>0x599c</run_address>
         <size>0x4b</size>
         <input_file_ref idref="fl-32"/>
      </object_component>
      <object_component id="oc-191">
         <name>.debug_line</name>
         <load_address>0x59e7</load_address>
         <run_address>0x59e7</run_address>
         <size>0x44</size>
         <input_file_ref idref="fl-33"/>
      </object_component>
      <object_component id="oc-195">
         <name>.debug_line</name>
         <load_address>0x5a2b</load_address>
         <run_address>0x5a2b</run_address>
         <size>0x66</size>
         <input_file_ref idref="fl-34"/>
      </object_component>
      <object_component id="oc-199">
         <name>.debug_line</name>
         <load_address>0x5a91</load_address>
         <run_address>0x5a91</run_address>
         <size>0x4e</size>
         <input_file_ref idref="fl-35"/>
      </object_component>
      <object_component id="oc-86">
         <name>.debug_abbrev</name>
         <load_address>0x0</load_address>
         <run_address>0x0</run_address>
         <size>0x14f</size>
         <input_file_ref idref="fl-2"/>
      </object_component>
      <object_component id="oc-8b">
         <name>.debug_abbrev</name>
         <load_address>0x14f</load_address>
         <run_address>0x14f</run_address>
         <size>0x21</size>
         <input_file_ref idref="fl-3"/>
      </object_component>
      <object_component id="oc-90">
         <name>.debug_abbrev</name>
         <load_address>0x170</load_address>
         <run_address>0x170</run_address>
         <size>0xad</size>
         <input_file_ref idref="fl-4"/>
      </object_component>
      <object_component id="oc-f3">
         <name>.debug_abbrev</name>
         <load_address>0x21d</load_address>
         <run_address>0x21d</run_address>
         <size>0xc5</size>
         <input_file_ref idref="fl-5"/>
      </object_component>
      <object_component id="oc-f7">
         <name>.debug_abbrev</name>
         <load_address>0x2e2</load_address>
         <run_address>0x2e2</run_address>
         <size>0x155</size>
         <input_file_ref idref="fl-6"/>
      </object_component>
      <object_component id="oc-fb">
         <name>.debug_abbrev</name>
         <load_address>0x437</load_address>
         <run_address>0x437</run_address>
         <size>0x161</size>
         <input_file_ref idref="fl-7"/>
      </object_component>
      <object_component id="oc-105">
         <name>.debug_abbrev</name>
         <load_address>0x598</load_address>
         <run_address>0x598</run_address>
         <size>0x1b9</size>
         <input_file_ref idref="fl-8"/>
      </object_component>
      <object_component id="oc-109">
         <name>.debug_abbrev</name>
         <load_address>0x751</load_address>
         <run_address>0x751</run_address>
         <size>0x163</size>
         <input_file_ref idref="fl-9"/>
      </object_component>
      <object_component id="oc-10d">
         <name>.debug_abbrev</name>
         <load_address>0x8b4</load_address>
         <run_address>0x8b4</run_address>
         <size>0xbb</size>
         <input_file_ref idref="fl-a"/>
      </object_component>
      <object_component id="oc-112">
         <name>.debug_abbrev</name>
         <load_address>0x96f</load_address>
         <run_address>0x96f</run_address>
         <size>0x107</size>
         <input_file_ref idref="fl-b"/>
      </object_component>
      <object_component id="oc-116">
         <name>.debug_abbrev</name>
         <load_address>0xa76</load_address>
         <run_address>0xa76</run_address>
         <size>0x1af</size>
         <input_file_ref idref="fl-c"/>
[...]
         <value>0xa88c</value>
         <object_component_ref idref="oc-149"/>
      </symbol>
      <symbol id="sm-ab4">
         <name>_YK_Board_Location</name>
         <value>0xa85e</value>
         <object_component_ref idref="oc-149"/>
      </symbol>
      <symbol id="sm-ab5">
         <name>_SIN32</name>
         <value>0x90200</value>
         <object_component_ref idref="oc-1b0"/>
      </symbol>
      <symbol id="sm-ab6">
         <name>_clock_AD_Reset_Time_sub</name>
         <value>0xa866</value>
         <object_component_ref idref="oc-149"/>
      </symbol>
      <symbol id="sm-ab7">
         <name>_LED_State</name>
         <value>0xa85c</value>
         <object_component_ref idref="oc-149"/>
      </symbol>
      <symbol id="sm-ab8">
         <name>_YXLvBoTime_1ms</name>
         <value>0xa886</value>
         <object_component_ref idref="oc-149"/>
      </symbol>
      <symbol id="sm-ab9">
         <name>_clock_FA_PRO_TZ_StartTime</name>
         <value>0xae68</value>
         <object_component_ref idref="oc-149"/>
      </symbol>
      <symbol id="sm-aba">
         <name>_Flag_Reclose_PRO_Charge</name>
         <value>0xa9e8</value>
         <object_component_ref idref="oc-149"/>
      </symbol>
      <symbol id="sm-abb">
         <name>_clock_PRO_ResetTime_sub</name>
         <value>0xb1c0</value>
         <object_component_ref idref="oc-149"/>
      </symbol>
      <symbol id="sm-abc">
         <name>_clock_FA_PRO_TZ_Charge_sub</name>
         <value>0xadd4</value>
         <object_component_ref idref="oc-149"/>
      </symbol>
      <symbol id="sm-abd">
         <name>_Uart_Buff</name>
         <value>0xbf00</value>
         <object_component_ref idref="oc-149"/>
      </symbol>
      <symbol id="sm-abe">
         <name>_LineIn_Have_No</name>
         <value>0xa834</value>
         <object_component_ref idref="oc-149"/>
      </symbol>
      <symbol id="sm-abf">
         <name>_clock_II_PRO_TZ_Charge_sub</name>
         <value>0xabe8</value>
         <object_component_ref idref="oc-149"/>
      </symbol>
      <symbol id="sm-ac0">
         <name>_Flag_I0_PRO_Alarm_Finish</name>
         <value>0xaa94</value>
         <object_component_ref idref="oc-149"/>
      </symbol>
      <symbol id="sm-ac1">
         <name>_clock_I_PRO_TZ_StartTime</name>
         <value>0xad28</value>
         <object_component_ref idref="oc-149"/>
      </symbol>
      <symbol id="sm-ac2">
         <name>_clock_Reclose_HZ_StartTime</name>
         <value>0xac68</value>
         <object_component_ref idref="oc-149"/>
      </symbol>
      <symbol id="sm-ac3">
         <name>_clock_PROValue_Load_sub</name>
         <value>0xb140</value>
         <object_component_ref idref="oc-149"/>
      </symbol>
      <symbol id="sm-ac4">
         <name>_Flag_I0_II_PRO_Charge</name>
         <value>0xaa4a</value>
         <object_component_ref idref="oc-149"/>
      </symbol>
      <symbol id="sm-ac5">
         <name>_Flag_Reclose_PRO_RST_TimeRecord</name>
         <value>0xaac0</value>
         <object_component_ref idref="oc-149"/>
      </symbol>
      <symbol id="sm-ac6">
         <name>_YK_No</name>
         <value>0xa81b</value>
         <object_component_ref idref="oc-149"/>
      </symbol>
      <symbol id="sm-ac7">
         <name>_WUI_Line</name>
         <value>0xb300</value>
         <object_component_ref idref="oc-149"/>
      </symbol>
      <symbol id="sm-ac8">
         <name>_Pro_Additional_Control</name>
         <value>0xab5e</value>
         <object_component_ref idref="oc-149"/>
      </symbol>
      <symbol id="sm-ac9">
         <name>_Flag_PT_Lose_Charge</name>
         <value>0xaaf2</value>
         <object_component_ref idref="oc-149"/>
      </symbol>
      <symbol id="sm-aca">
         <name>_Flag_Calu_Freq</name>
         <value>0xa82e</value>
         <object_component_ref idref="oc-149"/>
      </symbol>
      <symbol id="sm-acb">
         <name>_clock_AD_Reset_StartTime</name>
         <value>0xa87a</value>
         <object_component_ref idref="oc-149"/>
      </symbol>
      <symbol id="sm-acc">
         <name>_LineI0</name>
         <value>0xe880</value>
         <object_component_ref idref="oc-149"/>
      </symbol>
      <symbol id="sm-acd">
         <name>_Flag_Accel_PRO_Note</name>
         <value>0xb400</value>
         <object_component_ref idref="oc-149"/>
      </symbol>
      <symbol id="sm-ace">
         <name>_image_AC</name>
         <value>0xbc40</value>
         <object_component_ref idref="oc-149"/>
      </symbol>
      <symbol id="sm-acf">
         <name>_clock_II_PRO_TZ_StartTime</name>
         <value>0xabc0</value>
         <object_component_ref idref="oc-149"/>
      </symbol>
      <symbol id="sm-ad0">
         <name>_YK_Board_Num</name>
         <value>0xa846</value>
         <object_component_ref idref="oc-149"/>
      </symbol>
      <symbol id="sm-ad1">
         <name>_Pro_Control</name>
         <value>0xab80</value>
         <object_component_ref idref="oc-149"/>
      </symbol>
      <symbol id="sm-ad2">
         <name>_clock_ACT_Start_Sub</name>
         <value>0xa882</value>
         <object_component_ref idref="oc-149"/>
      </symbol>
      <symbol id="sm-ad3">
         <name>_Flag_YK_TZ_Tran</name>
         <value>0xab54</value>
         <object_component_ref idref="oc-149"/>
      </symbol>
      <symbol id="sm-ad4">
         <name>_Send_I0</name>
         <value>0xb0a8</value>
         <object_component_ref idref="oc-149"/>
      </symbol>
      <symbol id="sm-ad5">
         <name>_Line_PROControl_No</name>
         <value>0xa81e</value>
         <object_component_ref idref="oc-149"/>
      </symbol>
      <symbol id="sm-ad6">
         <name>_Send_SOE_Time</name>
         <value>0xa811</value>
         <object_component_ref idref="oc-149"/>
      </symbol>
      <symbol id="sm-ad7">
         <name>_YX_Board_state</name>
         <value>0xa8a7</value>
         <object_component_ref idref="oc-149"/>
      </symbol>
      <symbol id="sm-ad8">
         <name>_Flag_LineIn_Lose</name>
         <value>0xa81f</value>
         <object_component_ref idref="oc-149"/>
      </symbol>
      <symbol id="sm-ad9">
         <name>_Sample_Rec_Ch</name>
         <value>0xb500</value>
         <object_component_ref idref="oc-149"/>
      </symbol>
      <symbol id="sm-ada">
         <name>_Flag_EEPROM_Fault_Alarm</name>
         <value>0xa810</value>
         <object_component_ref idref="oc-149"/>
      </symbol>
      <symbol id="sm-adb">
         <name>_nBufIndex</name>
         <value>0xa852</value>
         <object_component_ref idref="oc-149"/>
      </symbol>
      <symbol id="sm-adc">
         <name>_Flag_Accel_PRO_Charge</name>
         <value>0xa9ca</value>
         <object_component_ref idref="oc-149"/>
      </symbol>
      <symbol id="sm-add">
         <name>_Flag_Check_Allow</name>
         <value>0xa87e</value>
         <object_component_ref idref="oc-149"/>
      </symbol>
      <symbol id="sm-ade">
         <name>_Flag_OverLoad_PRO_TimeRecord</name>
         <value>0xa968</value>
         <object_component_ref idref="oc-149"/>
      </symbol>
      <symbol id="sm-adf">
         <name>_clock_I_PRO_StartTime</name>
         <value>0xb840</value>
         <object_component_ref idref="oc-149"/>
      </symbol>
      <symbol id="sm-ae0">
         <name>_clock_FA_PRO_StartTime</name>
         <value>0xaf94</value>
         <object_component_ref idref="oc-149"/>
      </symbol>
      <symbol id="sm-ae1">
         <name>_Checked_Value</name>
         <value>0xbd40</value>
         <object_component_ref idref="oc-149"/>
      </symbol>
      <symbol id="sm-ae2">
         <name>_clock_Accel_Delay_sub</name>
         <value>0xaed4</value>
         <object_component_ref idref="oc-149"/>
      </symbol>
      <symbol id="sm-ae3">
         <name>_I0_Value</name>
         <value>0xa892</value>
         <object_component_ref idref="oc-149"/>
      </symbol>
      <symbol id="sm-ae4">
         <name>_clock_Reclose_PRO_Delay_sub</name>
         <value>0xabd4</value>
         <object_component_ref idref="oc-149"/>
      </symbol>
      <symbol id="sm-ae5">
         <name>_Flag_U_Switch</name>
         <value>0xa833</value>
         <object_component_ref idref="oc-149"/>
      </symbol>
      <symbol id="sm-ae6">
         <name>_clock_PRO_Alarm_Signal_StartTime</name>
         <value>0xb214</value>
         <object_component_ref idref="oc-149"/>
      </symbol>
      <symbol id="sm-ae7">
         <name>_Now_YX</name>
         <value>0xa8d4</value>
         <object_component_ref idref="oc-149"/>
      </symbol>
      <symbol id="sm-ae8">
         <name>_clock_YK_TZ_Success_Charge_sub</name>
         <value>0xae28</value>
         <object_component_ref idref="oc-149"/>
      </symbol>
      <symbol id="sm-ae9">
         <name>_Flag_YK_Board</name>
         <value>0xa819</value>
         <object_component_ref idref="oc-149"/>
      </symbol>
      <symbol id="sm-aea">
         <name>_Flag_Accel_PRO_TZ_Done</name>
         <value>0xa9c0</value>
         <object_component_ref idref="oc-149"/>
      </symbol>
      <symbol id="sm-aeb">
         <name>_Send_PRO_Note_Num</name>
         <value>0xa807</value>
         <object_component_ref idref="oc-149"/>
      </symbol>
      <symbol id="sm-aec">
         <name>_real_fAC</name>
         <value>0xb9c0</value>
         <object_component_ref idref="oc-149"/>
      </symbol>
      <symbol id="sm-aed">
         <name>_clock_I_PRO_TZ_Charge</name>
         <value>0xad54</value>
         <object_component_ref idref="oc-149"/>
      </symbol>
      <symbol id="sm-aee">
         <name>_Flag_PRO_TZ_Allow</name>
         <value>0xa994</value>
         <object_component_ref idref="oc-149"/>
      </symbol>
      <symbol id="sm-aef">
         <name>_AC_real</name>
         <value>0xc380</value>
         <object_component_ref idref="oc-149"/>
      </symbol>
      <symbol id="sm-af0">
         <name>_YC_Board_state</name>
         <value>0xa8b0</value>
         <object_component_ref idref="oc-149"/>
      </symbol>
      <symbol id="sm-af1">
         <name>_Flag_PRO_Line_FarRst</name>
         <value>0xab14</value>
         <object_component_ref idref="oc-149"/>
      </symbol>
      <symbol id="sm-af2">
         <name>_SOE_index</name>
         <value>0xa858</value>
         <object_component_ref idref="oc-149"/>
      </symbol>
      <symbol id="sm-af3">
         <name>_PRO_TZ_I0_II</name>
         <value>0xacd4</value>
         <object_component_ref idref="oc-149"/>
      </symbol>
      <symbol id="sm-af4">
         <name>_Flag_Total_Call</name>
         <value>0xa822</value>
         <object_component_ref idref="oc-149"/>
      </symbol>
      <symbol id="sm-af5">
         <name>_clock_PRO_Reset_StartTime</name>
         <value>0xb1d4</value>
         <object_component_ref idref="oc-149"/>
      </symbol>
      <symbol id="sm-af6">
         <name>_SoeTime</name>
         <value>0xa868</value>
         <object_component_ref idref="oc-149"/>
      </symbol>
      <symbol id="sm-af7">
         <name>_Ch_AmplAC</name>
         <value>0xbdc0</value>
         <object_component_ref idref="oc-149"/>
      </symbol>
      <symbol id="sm-af8">
         <name>_Flag_LED_LightOut</name>
         <value>0xa83b</value>
         <object_component_ref idref="oc-149"/>
      </symbol>
      <symbol id="sm-af9">
         <name>_YK_State</name>
         <value>0xa860</value>
         <object_component_ref idref="oc-149"/>
      </symbol>
      <symbol id="sm-afa">
         <name>_clock_Accel_TZ_StartTime</name>
         <value>0xaf68</value>
         <object_component_ref idref="oc-149"/>
      </symbol>
      <symbol id="sm-afb">
         <name>_YC_Board_Num</name>
         <value>0xa845</value>
         <object_component_ref idref="oc-149"/>
      </symbol>
      <symbol id="sm-afc">
         <name>_Ch_PhaseAC</name>
         <value>0xbcc0</value>
         <object_component_ref idref="oc-149"/>
      </symbol>
      <symbol id="sm-afd">
         <name>_Flag_Accel_PRO_TimeRecord</name>
         <value>0xa9a8</value>
         <object_component_ref idref="oc-149"/>
      </symbol>
      <symbol id="sm-afe">
         <name>_YC_Board_Location</name>
         <value>0xa876</value>
         <object_component_ref idref="oc-149"/>
      </symbol>
      <symbol id="sm-aff">
         <name>_Flag_YC_Alarmed</name>
         <value>0xa84e</value>
         <object_component_ref idref="oc-149"/>
      </symbol>
      <symbol id="sm-b00">
         <name>_Flag_RunLED_Time</name>
         <value>0xa84a</value>
         <object_component_ref idref="oc-149"/>
      </symbol>
      <symbol id="sm-b01">
         <name>_Reclose_Count</name>
         <value>0xa9d4</value>
         <object_component_ref idref="oc-149"/>
      </symbol>
      <symbol id="sm-b02">
         <name>_clock_FA_PRO_TimeCharge_sub</name>
         <value>0xaf54</value>
         <object_component_ref idref="oc-149"/>
      </symbol>
      <symbol id="sm-b03">
         <name>_Flag_Calcu_DC_Again</name>
         <value>0xa835</value>
         <object_component_ref idref="oc-149"/>
      </symbol>
      <symbol id="sm-b04">
         <name>_Pro_Additional_Value</name>
         <value>0xb880</value>
         <object_component_ref idref="oc-149"/>
      </symbol>
      <symbol id="sm-b0e">
         <name>_IPC_RECE</name>
         <value>0x11580</value>
         <object_component_ref idref="oc-14c"/>
      </symbol>
      <symbol id="sm-b0f">
         <name>_ipc_c1toc2_write1</name>
         <value>0x115c0</value>
         <object_component_ref idref="oc-14c"/>
      </symbol>
      <symbol id="sm-b10">
         <name>_ipc_c1toc2_write</name>
         <value>0x11800</value>
         <object_component_ref idref="oc-14c"/>
      </symbol>
      <symbol id="sm-b11">
         <name>_ipc_c2toc1_read1</name>
         <value>0x11740</value>
         <object_component_ref idref="oc-14c"/>
      </symbol>
      <symbol id="sm-b12">
         <name>_ipc_c2toc1_read</name>
         <value>0x11680</value>
         <object_component_ref idref="oc-14c"/>
      </symbol>
      <symbol id="sm-b2a">
         <name>_main</name>
         <value>0x85ee7</value>
         <object_component_ref idref="oc-19f"/>
      </symbol>
      <symbol id="sm-b2b">
         <name>_CpuTimer0Isr</name>
         <value>0x8adc7</value>
         <object_component_ref idref="oc-152"/>
      </symbol>
      <symbol id="sm-b2c">
         <name>_AD_DELAY</name>
         <value>0x85f7b</value>
         <object_component_ref idref="oc-19f"/>
      </symbol>
      <symbol id="sm-b2d">
         <name>_MemCopy</name>
         <value>0x85f86</value>
         <object_component_ref idref="oc-19f"/>
      </symbol>
      <symbol id="sm-b2e">
         <name>_leddata</name>
         <value>0x118a2</value>
         <object_component_ref idref="oc-151"/>
      </symbol>
      <symbol id="sm-b2f">
         <name>_InitWork</name>
         <value>0x85f9b</value>
         <object_component_ref idref="oc-19f"/>
      </symbol>
      <symbol id="sm-b30">
         <name>_check_test1</name>
         <value>0x118a4</value>
         <object_component_ref idref="oc-151"/>
      </symbol>
      <symbol id="sm-b31">
         <name>_check_test2</name>
         <value>0x118a3</value>
         <object_component_ref idref="oc-151"/>
      </symbol>
      <symbol id="sm-b32">
         <name>_AD_CONVERT</name>
         <value>0x85fa7</value>
         <object_component_ref idref="oc-19f"/>
      </symbol>
      <symbol id="sm-b33">
         <name>_buftemp_test</name>
         <value>0x118a5</value>
         <object_component_ref idref="oc-151"/>
      </symbol>
      <symbol id="sm-b47">
         <name>_c_int00</name>
         <value>0x85fb6</value>
         <object_component_ref idref="oc-82"/>
      </symbol>
      <symbol id="sm-b48">
         <name>__stack</name>
         <value>0x200</value>
         <object_component_ref idref="oc-156"/>
      </symbol>
      <symbol id="sm-b59">
         <name>C$$EXIT</name>
         <value>0x8aee5</value>
         <object_component_ref idref="oc-19c"/>
      </symbol>
      <symbol id="sm-b5a">
         <name>_exit</name>
         <value>0x8aee7</value>
         <object_component_ref idref="oc-19c"/>
      </symbol>
      <symbol id="sm-b5b">
         <name>___TI_cleanup_ptr</name>
         <value>0x118bc</value>
         <object_component_ref idref="oc-15d"/>
      </symbol>
      <symbol id="sm-b5c">
         <name>_abort</name>
         <value>0x8aee5</value>
         <object_component_ref idref="oc-19c"/>
      </symbol>
      <symbol id="sm-b5d">
         <name>___TI_dtors_ptr</name>
         <value>0x118be</value>
         <object_component_ref idref="oc-15d"/>
      </symbol>
      <symbol id="sm-b6a">
         <name>FS$$DIV</name>
         <value>0x8ace5</value>
         <object_component_ref idref="oc-161"/>
      </symbol>
      <symbol id="sm-b72">
         <name>LL$$AND</name>
         <value>0x8aefe</value>
         <object_component_ref idref="oc-165"/>
      </symbol>
      <symbol id="sm-b73">
         <name>LL$$OR</name>
         <value>0x8af06</value>
         <object_component_ref idref="oc-165"/>
      </symbol>
      <symbol id="sm-b74">
         <name>LL$$XOR</name>
         <value>0x8af0e</value>
         <object_component_ref idref="oc-165"/>
      </symbol>
      <symbol id="sm-b93">
         <name>_pow</name>
         <value>0x8ad6d</value>
         <object_component_ref idref="oc-1b1"/>
      </symbol>
      <symbol id="sm-b9b">
         <name>U$$MOD</name>
         <value>0x83ff0</value>
         <object_component_ref idref="oc-175"/>
      </symbol>
      <symbol id="sm-b9c">
         <name>U$$DIV</name>
         <value>0x83feb</value>
         <object_component_ref idref="oc-175"/>
      </symbol>
      <symbol id="sm-baa">
         <name>__unlock</name>
         <value>0x118b8</value>
         <object_component_ref idref="oc-17b"/>
      </symbol>
      <symbol id="sm-bab">
         <name>__lock</name>
         <value>0x118ba</value>
         <object_component_ref idref="oc-17b"/>
      </symbol>
      <symbol id="sm-bac">
         <name>__register_lock</name>
         <value>0x83ffa</value>
         <object_component_ref idref="oc-1a3"/>
      </symbol>
      <symbol id="sm-bad">
         <name>__nop</name>
         <value>0x83ffe</value>
         <object_component_ref idref="oc-1a3"/>
      </symbol>
      <symbol id="sm-bae">
         <name>__register_unlock</name>
         <value>0x83ff6</value>
         <object_component_ref idref="oc-1a3"/>
      </symbol>
      <symbol id="sm-bba">
         <name>__log</name>
         <value>0x8ae1d</value>
         <object_component_ref idref="oc-1b7"/>
      </symbol>
      <symbol id="sm-bc6">
         <name>__args_main</name>
         <value>0x87fe7</value>
         <object_component_ref idref="oc-19b"/>
      </symbol>
      <symbol id="sm-bc7">
         <name>__TI_args_main</name>
         <value>0x1</value>
      </symbol>
      <symbol id="sm-bd1">
         <name>_errno</name>
         <value>0x118c0</value>
         <object_component_ref idref="oc-189"/>
      </symbol>
      <symbol id="sm-bdf">
         <name>_exp</name>
         <value>0x83f83</value>
         <object_component_ref idref="oc-1b8"/>
      </symbol>
      <symbol id="sm-bec">
         <name>_frexp</name>
         <value>0x8af16</value>
         <object_component_ref idref="oc-1b9"/>
      </symbol>
      <symbol id="sm-bf6">
         <name>I$$MOD</name>
         <value>0x8aed4</value>
         <object_component_ref idref="oc-193"/>
      </symbol>
      <symbol id="sm-bf7">
         <name>I$$DIV</name>
         <value>0x8aec3</value>
         <object_component_ref idref="oc-193"/>
      </symbol>
      <symbol id="sm-c07">
         <name>_ldexp</name>
         <value>0x8ae6d</value>
         <object_component_ref idref="oc-1ba"/>
      </symbol>
   </symbol_table>
   <title>Link successful</title>
</link_info>
